Archive member included to satisfy reference by file (symbol)

/home/waqar/RIOT/examples/Blink/bin/arduino-mega2560/application_Blink.a(Blink.o)
                              /usr/lib/gcc/avr/4.9.2/../../../avr/lib/avr6/crtatmega2560.o (main)
/home/waqar/RIOT/examples/Blink/bin/arduino-mega2560/atmega_common_periph.a(gpio.o)
                              /home/waqar/RIOT/examples/Blink/bin/arduino-mega2560/application_Blink.a(Blink.o) (gpio_init)
/home/waqar/RIOT/examples/Blink/bin/arduino-mega2560/boards_common_atmega.a(board.o)
                              /home/waqar/RIOT/examples/Blink/bin/arduino-mega2560/cpu/startup.o (board_init)
/home/waqar/RIOT/examples/Blink/bin/arduino-mega2560/core.a(mutex.o)
                              /home/waqar/RIOT/examples/Blink/bin/arduino-mega2560/application_Blink.a(Blink.o) (_mutex_lock)
/home/waqar/RIOT/examples/Blink/bin/arduino-mega2560/core.a(sched.o)
                              /home/waqar/RIOT/examples/Blink/bin/arduino-mega2560/core.a(mutex.o) (sched_active_thread)
/home/waqar/RIOT/examples/Blink/bin/arduino-mega2560/core.a(kernel_init.o)
                              /home/waqar/RIOT/examples/Blink/bin/arduino-mega2560/cpu/startup.o (kernel_init)
/home/waqar/RIOT/examples/Blink/bin/arduino-mega2560/core.a(thread.o)
                              /home/waqar/RIOT/examples/Blink/bin/arduino-mega2560/core.a(mutex.o) (thread_add_to_list)
/home/waqar/RIOT/examples/Blink/bin/arduino-mega2560/core.a(msg.o)
                              /home/waqar/RIOT/examples/Blink/bin/arduino-mega2560/application_Blink.a(Blink.o) (msg_send)
/home/waqar/RIOT/examples/Blink/bin/arduino-mega2560/core.a(panic.o)
                              /home/waqar/RIOT/examples/Blink/bin/arduino-mega2560/core.a(thread.o) (core_panic)
/home/waqar/RIOT/examples/Blink/bin/arduino-mega2560/cpu.a(cpu.o)
                              /home/waqar/RIOT/examples/Blink/bin/arduino-mega2560/boards_common_atmega.a(board.o) (cpu_init)
/home/waqar/RIOT/examples/Blink/bin/arduino-mega2560/xtimer.a(xtimer.o)
                              /home/waqar/RIOT/examples/Blink/bin/arduino-mega2560/application_Blink.a(Blink.o) (_xtimer_tsleep)
/home/waqar/RIOT/examples/Blink/bin/arduino-mega2560/xtimer.a(xtimer_core.o)
                              /home/waqar/RIOT/examples/Blink/bin/arduino-mega2560/xtimer.a(xtimer.o) (_xtimer_high_cnt)
/home/waqar/RIOT/examples/Blink/bin/arduino-mega2560/periph_common.a(init.o)
                              /home/waqar/RIOT/examples/Blink/bin/arduino-mega2560/cpu.a(cpu.o) (periph_init)
/home/waqar/RIOT/examples/Blink/bin/arduino-mega2560/periph_common.a(pm.o)
                              /home/waqar/RIOT/examples/Blink/bin/arduino-mega2560/core.a(panic.o) (pm_off)
/home/waqar/RIOT/examples/Blink/bin/arduino-mega2560/atmega_common.a(atmega_stdio.o)
                              /home/waqar/RIOT/examples/Blink/bin/arduino-mega2560/boards_common_atmega.a(board.o) (atmega_stdio_init)
/home/waqar/RIOT/examples/Blink/bin/arduino-mega2560/atmega_common.a(irq_arch.o)
                              /home/waqar/RIOT/examples/Blink/bin/arduino-mega2560/core.a(mutex.o) (irq_disable)
/home/waqar/RIOT/examples/Blink/bin/arduino-mega2560/atmega_common.a(thread_arch.o)
                              /home/waqar/RIOT/examples/Blink/bin/arduino-mega2560/core.a(thread.o) (thread_stack_init)
/home/waqar/RIOT/examples/Blink/bin/arduino-mega2560/atmega_common_periph.a(timer.o)
                              /home/waqar/RIOT/examples/Blink/bin/arduino-mega2560/xtimer.a(xtimer_core.o) (timer_init)
/home/waqar/RIOT/examples/Blink/bin/arduino-mega2560/auto_init.a(auto_init.o)
                              /home/waqar/RIOT/examples/Blink/bin/arduino-mega2560/core.a(kernel_init.o) (auto_init)
/home/waqar/RIOT/examples/Blink/bin/arduino-mega2560/auto_init_saul.a(auto_init_gpio.o)
                              /home/waqar/RIOT/examples/Blink/bin/arduino-mega2560/auto_init.a(auto_init.o) (auto_init_gpio)
/home/waqar/RIOT/examples/Blink/bin/arduino-mega2560/boards_common_arduino-atmega.a(led_init.o)
                              /home/waqar/RIOT/examples/Blink/bin/arduino-mega2560/boards_common_atmega.a(board.o) (led_init)
/home/waqar/RIOT/examples/Blink/bin/arduino-mega2560/div.a(div.o)
                              /home/waqar/RIOT/examples/Blink/bin/arduino-mega2560/xtimer.a(xtimer.o) (_div_mulhi64)
/home/waqar/RIOT/examples/Blink/bin/arduino-mega2560/saul.a(gpio_saul.o)
                              /home/waqar/RIOT/examples/Blink/bin/arduino-mega2560/auto_init_saul.a(auto_init_gpio.o) (gpio_out_saul_driver)
/home/waqar/RIOT/examples/Blink/bin/arduino-mega2560/saul.a(saul.o)
                              /home/waqar/RIOT/examples/Blink/bin/arduino-mega2560/saul.a(gpio_saul.o) (saul_notsup)
/home/waqar/RIOT/examples/Blink/bin/arduino-mega2560/saul_reg.a(saul_reg.o)
                              /home/waqar/RIOT/examples/Blink/bin/arduino-mega2560/auto_init_saul.a(auto_init_gpio.o) (saul_reg_add)
[...]
Memory Configuration

Name             Origin             Length             Attributes
text             0x0000000000000000 0x0000000000100000 xr
data             0x0000000000800200 0x000000000000fe00 rw !x
eeprom           0x0000000000810000 0x0000000000010000 rw !x
fuse             0x0000000000820000 0x0000000000000400 rw !x
lock             0x0000000000830000 0x0000000000000400 rw !x
signature        0x0000000000840000 0x0000000000000400 rw !x
user_signatures  0x0000000000850000 0x0000000000000400 rw !x
*default*        0x0000000000000000 0xffffffffffffffff

Linker script and memory map

Address of section .data set to 0x800200
LOAD /usr/lib/gcc/avr/4.9.2/../../../avr/lib/avr6/crtatmega2560.o
LOAD /home/waqar/RIOT/examples/Blink/bin/arduino-mega2560/cpu/startup.o
START GROUP
LOAD /home/waqar/RIOT/examples/Blink/bin/arduino-mega2560/application_Blink.a
LOAD /home/waqar/RIOT/examples/Blink/bin/arduino-mega2560/atmega_common.a
LOAD /home/waqar/RIOT/examples/Blink/bin/arduino-mega2560/atmega_common_periph.a
LOAD /home/waqar/RIOT/examples/Blink/bin/arduino-mega2560/auto_init.a
LOAD /home/waqar/RIOT/examples/Blink/bin/arduino-mega2560/auto_init_saul.a
LOAD /home/waqar/RIOT/examples/Blink/bin/arduino-mega2560/board.a
LOAD /home/waqar/RIOT/examples/Blink/bin/arduino-mega2560/boards_common_arduino-atmega.a
LOAD /home/waqar/RIOT/examples/Blink/bin/arduino-mega2560/boards_common_atmega.a
LOAD /home/waqar/RIOT/examples/Blink/bin/arduino-mega2560/core.a
LOAD /home/waqar/RIOT/examples/Blink/bin/arduino-mega2560/cpu.a
LOAD /home/waqar/RIOT/examples/Blink/bin/arduino-mega2560/div.a
LOAD /home/waqar/RIOT/examples/Blink/bin/arduino-mega2560/fmt.a
LOAD /home/waqar/RIOT/examples/Blink/bin/arduino-mega2560/isrpipe.a
LOAD /home/waqar/RIOT/examples/Blink/bin/arduino-mega2560/phydat.a
LOAD /home/waqar/RIOT/examples/Blink/bin/arduino-mega2560/posix.a
LOAD /home/waqar/RIOT/examples/Blink/bin/arduino-mega2560/saul.a
LOAD /home/waqar/RIOT/examples/Blink/bin/arduino-mega2560/saul_reg.a
LOAD /home/waqar/RIOT/examples/Blink/bin/arduino-mega2560/shell.a
LOAD /home/waqar/RIOT/examples/Blink/bin/arduino-mega2560/sys.a
LOAD /home/waqar/RIOT/examples/Blink/bin/arduino-mega2560/tsrb.a
LOAD /home/waqar/RIOT/examples/Blink/bin/arduino-mega2560/uart_stdio.a
LOAD /home/waqar/RIOT/examples/Blink/bin/arduino-mega2560/xtimer.a
LOAD /home/waqar/RIOT/examples/Blink/bin/arduino-mega2560/periph_common.a
LOAD /usr/lib/gcc/avr/4.9.2/../../../avr/lib/avr6/libm.a
END GROUP
LOAD /usr/lib/gcc/avr/4.9.2/avr6/libgcc.a
START GROUP
LOAD /usr/lib/gcc/avr/4.9.2/avr6/libgcc.a
LOAD /usr/lib/gcc/avr/4.9.2/../../../avr/lib/avr6/libm.a
LOAD /usr/lib/gcc/avr/4.9.2/../../../avr/lib/avr6/libc.a
LOAD /usr/lib/gcc/avr/4.9.2/../../../avr/lib/avr6/libatmega2560.a
END GROUP

.hash
 *(.hash)

.dynsym
 *(.dynsym)

.dynstr
 *(.dynstr)

.gnu.version
 *(.gnu.version)

.gnu.version_d
 *(.gnu.version_d)

.gnu.version_r
 *(.gnu.version_r)

.rel.init
 *(.rel.init)

.rela.init
 *(.rela.init)

.rel.text
 *(.rel.text)
 *(.rel.text.*)
 *(.rel.gnu.linkonce.t*)

.rela.text
 *(.rela.text)
 *(.rela.text.*)
 *(.rela.gnu.linkonce.t*)

.rel.fini
 *(.rel.fini)

.rela.fini
 *(.rela.fini)

.rel.rodata
 *(.rel.rodata)
 *(.rel.rodata.*)
 *(.rel.gnu.linkonce.r*)

.rela.rodata
 *(.rela.rodata)
 *(.rela.rodata.*)
 *(.rela.gnu.linkonce.r*)

.rel.data
 *(.rel.data)
 *(.rel.data.*)
 *(.rel.gnu.linkonce.d*)

.rela.data
 *(.rela.data)
 *(.rela.data.*)
 *(.rela.gnu.linkonce.d*)

.rel.ctors
 *(.rel.ctors)

.rela.ctors
 *(.rela.ctors)

.rel.dtors
 *(.rel.dtors)

.rela.dtors
 *(.rela.dtors)

.rel.got
 *(.rel.got)

.rela.got
 *(.rela.got)

.rel.bss
 *(.rel.bss)

.rela.bss
 *(.rela.bss)

.rel.plt
 *(.rel.plt)

.rela.plt
 *(.rela.plt)

.text           0x0000000000000000     0x2d04
 *(.vectors)
 .vectors       0x0000000000000000       0xe4 /usr/lib/gcc/avr/4.9.2/../../../avr/lib/avr6/crtatmega2560.o
                0x0000000000000000                __vectors
                0x0000000000000000                __vector_default
 *(.vectors)
 *(.progmem.gcc*)
                0x00000000000000e4                . = ALIGN (0x2)
                0x00000000000000e4                __trampolines_start = .
 *(.trampolines)
 .trampolines   0x00000000000000e4       0x34 linker stubs
 *(.trampolines*)
                0x0000000000000118                __trampolines_end = .
 *(.progmem*)
                0x0000000000000118                . = ALIGN (0x2)
 *(.jumptables)
 *(.jumptables*)
 *(.lowtext)
 *(.lowtext*)
                0x0000000000000118                __ctors_start = .
 *(.ctors)
                0x0000000000000118                __ctors_end = .
                0x0000000000000118                __dtors_start = .
 *(.dtors)
                0x0000000000000118                __dtors_end = .
 SORT(*)(.ctors)
 SORT(*)(.dtors)
 *(.init0)
 .init0         0x0000000000000118        0x0 /usr/lib/gcc/avr/4.9.2/../../../avr/lib/avr6/crtatmega2560.o
                0x0000000000000118                __init
 *(.init0)
 *(.init1)
 *(.init1)
 *(.init2)
 .init2         0x0000000000000118       0x10 /usr/lib/gcc/avr/4.9.2/../../../avr/lib/avr6/crtatmega2560.o
 *(.init2)
 *(.init3)
 *(.init3)
 *(.init4)
 .init4         0x0000000000000128       0x1a /usr/lib/gcc/avr/4.9.2/avr6/libgcc.a(_copy_data.o)
                0x0000000000000128                __do_copy_data
 .init4         0x0000000000000142       0x10 /usr/lib/gcc/avr/4.9.2/avr6/libgcc.a(_clear_bss.o)
                0x0000000000000142                __do_clear_bss
 *(.init4)
 *(.init5)
 *(.init5)
 *(.init6)
 *(.init6)
 *(.init7)
 .init7         0x0000000000000152        0x4 /home/waqar/RIOT/examples/Blink/bin/arduino-mega2560/cpu/startup.o
                0x0000000000000152                init7_ovr
 *(.init7)
 *(.init8)
 .init8         0x0000000000000156        0x4 /home/waqar/RIOT/examples/Blink/bin/arduino-mega2560/cpu/startup.o
                0x0000000000000156                init8_ovr
 *(.init8)
 *(.init9)
 .init9         0x000000000000015a        0x8 /usr/lib/gcc/avr/4.9.2/../../../avr/lib/avr6/crtatmega2560.o
 *(.init9)
 *(.text)
 .text          0x0000000000000162        0x4 /usr/lib/gcc/avr/4.9.2/../../../avr/lib/avr6/crtatmega2560.o
                0x0000000000000162                __vector_38
                0x0000000000000162                __vector_22
                0x0000000000000162                __vector_28
                0x0000000000000162                __vector_32
                0x0000000000000162                __vector_34
                0x0000000000000162                __vector_24
                0x0000000000000162                __vector_12
                0x0000000000000162                __vector_55
                0x0000000000000162                __vector_46
                0x0000000000000162                __bad_interrupt
                0x0000000000000162                __vector_31
                0x0000000000000162                __vector_35
                0x0000000000000162                __vector_39
                0x0000000000000162                __vector_23
                0x0000000000000162                __vector_30
                0x0000000000000162                __vector_45
                0x0000000000000162                __vector_11
                0x0000000000000162                __vector_13
                0x0000000000000162                __vector_56
                0x0000000000000162                __vector_49
                0x0000000000000162                __vector_41
                0x0000000000000162                __vector_27
                0x0000000000000162                __vector_33
                0x0000000000000162                __vector_47
                0x0000000000000162                __vector_52
                0x0000000000000162                __vector_37
                0x0000000000000162                __vector_9
                0x0000000000000162                __vector_21
                0x0000000000000162                __vector_15
                0x0000000000000162                __vector_29
                0x0000000000000162                __vector_40
                0x0000000000000162                __vector_26
                0x0000000000000162                __vector_48
                0x0000000000000162                __vector_14
                0x0000000000000162                __vector_53
                0x0000000000000162                __vector_50
                0x0000000000000162                __vector_16
                0x0000000000000162                __vector_20
                0x0000000000000166                . = ALIGN (0x2)
 *(.text.*)
 .text.reset_handler
                0x0000000000000166        0x8 /home/waqar/RIOT/examples/Blink/bin/arduino-mega2560/cpu/startup.o
                0x0000000000000166                reset_handler
 .text.Scan_AND_Inputs
                0x000000000000016e       0xb6 /home/waqar/RIOT/examples/Blink/bin/arduino-mega2560/application_Blink.a(Blink.o)
                0x000000000000016e                Scan_AND_Inputs
 .text.Processing_AND
                0x0000000000000224       0x74 /home/waqar/RIOT/examples/Blink/bin/arduino-mega2560/application_Blink.a(Blink.o)
                0x0000000000000224                Processing_AND
 .text.AND_Gate_Output
                0x0000000000000298       0x76 /home/waqar/RIOT/examples/Blink/bin/arduino-mega2560/application_Blink.a(Blink.o)
                0x0000000000000298                AND_Gate_Output
 .text.startup.main
                0x000000000000030e       0x90 /home/waqar/RIOT/examples/Blink/bin/arduino-mega2560/application_Blink.a(Blink.o)
                0x000000000000030e                main
 .text._port_addr
                0x000000000000039e       0x24 /home/waqar/RIOT/examples/Blink/bin/arduino-mega2560/atmega_common_periph.a(gpio.o)
 .text.irq_handler
                0x00000000000003c2       0x2a /home/waqar/RIOT/examples/Blink/bin/arduino-mega2560/atmega_common_periph.a(gpio.o)
 .text.gpio_init
                0x00000000000003ec       0x7c /home/waqar/RIOT/examples/Blink/bin/arduino-mega2560/atmega_common_periph.a(gpio.o)
                0x00000000000003ec                gpio_init
 .text.gpio_read
                0x0000000000000468       0x28 /home/waqar/RIOT/examples/Blink/bin/arduino-mega2560/atmega_common_periph.a(gpio.o)
                0x0000000000000468                gpio_read
 .text.gpio_set
                0x0000000000000490       0x22 /home/waqar/RIOT/examples/Blink/bin/arduino-mega2560/atmega_common_periph.a(gpio.o)
                0x0000000000000490                gpio_set
 .text.gpio_clear
                0x00000000000004b2       0x28 /home/waqar/RIOT/examples/Blink/bin/arduino-mega2560/atmega_common_periph.a(gpio.o)
                0x00000000000004b2                gpio_clear
 .text.gpio_write
                0x00000000000004da        0xc /home/waqar/RIOT/examples/Blink/bin/arduino-mega2560/atmega_common_periph.a(gpio.o)
                0x00000000000004da                gpio_write
 .text.__vector_1
                0x00000000000004e6       0x52 /home/waqar/RIOT/examples/Blink/bin/arduino-mega2560/atmega_common_periph.a(gpio.o)
                0x00000000000004e6                __vector_1
 .text.__vector_2
                0x0000000000000538       0x52 /home/waqar/RIOT/examples/Blink/bin/arduino-mega2560/atmega_common_periph.a(gpio.o)
                0x0000000000000538                __vector_2
 .text.__vector_3
                0x000000000000058a       0x52 /home/waqar/RIOT/examples/Blink/bin/arduino-mega2560/atmega_common_periph.a(gpio.o)
                0x000000000000058a                __vector_3
 .text.__vector_4
                0x00000000000005dc       0x52 /home/waqar/RIOT/examples/Blink/bin/arduino-mega2560/atmega_common_periph.a(gpio.o)
                0x00000000000005dc                __vector_4
 .text.__vector_5
                0x000000000000062e       0x52 /home/waqar/RIOT/examples/Blink/bin/arduino-mega2560/atmega_common_periph.a(gpio.o)
                0x000000000000062e                __vector_5
 .text.__vector_6
                0x0000000000000680       0x52 /home/waqar/RIOT/examples/Blink/bin/arduino-mega2560/atmega_common_periph.a(gpio.o)
                0x0000000000000680                __vector_6
 .text.__vector_7
                0x00000000000006d2       0x52 /home/waqar/RIOT/examples/Blink/bin/arduino-mega2560/atmega_common_periph.a(gpio.o)
                0x00000000000006d2                __vector_7
 .text.__vector_8
                0x0000000000000724       0x52 /home/waqar/RIOT/examples/Blink/bin/arduino-mega2560/atmega_common_periph.a(gpio.o)
                0x0000000000000724                __vector_8
 .text.board_init
                0x0000000000000776       0x10 /home/waqar/RIOT/examples/Blink/bin/arduino-mega2560/boards_common_atmega.a(board.o)
                0x0000000000000776                board_init
 .text._mutex_lock
                0x0000000000000786       0x8c /home/waqar/RIOT/examples/Blink/bin/arduino-mega2560/core.a(mutex.o)
                0x0000000000000786                _mutex_lock
 .text.mutex_unlock
                0x0000000000000812       0x84 /home/waqar/RIOT/examples/Blink/bin/arduino-mega2560/core.a(mutex.o)
                0x0000000000000812                mutex_unlock
 .text.sched_run
                0x0000000000000896       0x7e /home/waqar/RIOT/examples/Blink/bin/arduino-mega2560/core.a(sched.o)
                0x0000000000000896                sched_run
 .text.sched_set_status
                0x0000000000000914      0x124 /home/waqar/RIOT/examples/Blink/bin/arduino-mega2560/core.a(sched.o)
                0x0000000000000914                sched_set_status
 .text.sched_switch
                0x0000000000000a38       0x34 /home/waqar/RIOT/examples/Blink/bin/arduino-mega2560/core.a(sched.o)
                0x0000000000000a38                sched_switch
 .text.sched_task_exit
                0x0000000000000a6c       0x46 /home/waqar/RIOT/examples/Blink/bin/arduino-mega2560/core.a(sched.o)
                0x0000000000000a6c                sched_task_exit
 .text.main_trampoline
                0x0000000000000ab2       0x1e /home/waqar/RIOT/examples/Blink/bin/arduino-mega2560/core.a(kernel_init.o)
 .text.idle_thread
                0x0000000000000ad0        0x6 /home/waqar/RIOT/examples/Blink/bin/arduino-mega2560/core.a(kernel_init.o)
 .text.kernel_init
                0x0000000000000ad6       0x48 /home/waqar/RIOT/examples/Blink/bin/arduino-mega2560/core.a(kernel_init.o)
                0x0000000000000ad6                kernel_init
 .text.thread_yield
                0x0000000000000b1e       0x36 /home/waqar/RIOT/examples/Blink/bin/arduino-mega2560/core.a(thread.o)
                0x0000000000000b1e                thread_yield
 .text.thread_add_to_list
                0x0000000000000b54       0x42 /home/waqar/RIOT/examples/Blink/bin/arduino-mega2560/core.a(thread.o)
                0x0000000000000b54                thread_add_to_list
 .text.thread_create
                0x0000000000000b96      0x182 /home/waqar/RIOT/examples/Blink/bin/arduino-mega2560/core.a(thread.o)
                0x0000000000000b96                thread_create
 .text.queue_msg
                0x0000000000000d18       0x5c /home/waqar/RIOT/examples/Blink/bin/arduino-mega2560/core.a(msg.o)
 .text._msg_send
                0x0000000000000d74      0x102 /home/waqar/RIOT/examples/Blink/bin/arduino-mega2560/core.a(msg.o)
 .text._msg_receive
                0x0000000000000e76      0x172 /home/waqar/RIOT/examples/Blink/bin/arduino-mega2560/core.a(msg.o)
 .text.msg_send_to_self
                0x0000000000000fe8       0x3e /home/waqar/RIOT/examples/Blink/bin/arduino-mega2560/core.a(msg.o)
                0x0000000000000fe8                msg_send_to_self
 .text.msg_send_int
                0x0000000000001026       0x62 /home/waqar/RIOT/examples/Blink/bin/arduino-mega2560/core.a(msg.o)
                0x0000000000001026                msg_send_int
 .text.msg_send
                0x0000000000001088       0x58 /home/waqar/RIOT/examples/Blink/bin/arduino-mega2560/core.a(msg.o)
                0x0000000000001088                msg_send
 .text.msg_receive
                0x00000000000010e0        0x8 /home/waqar/RIOT/examples/Blink/bin/arduino-mega2560/core.a(msg.o)
                0x00000000000010e0                msg_receive
 .text.panic_arch
                0x00000000000010e8        0x2 /home/waqar/RIOT/examples/Blink/bin/arduino-mega2560/core.a(panic.o)
                0x00000000000010e8                panic_arch
 .text.core_panic
                0x00000000000010ea       0x88 /home/waqar/RIOT/examples/Blink/bin/arduino-mega2560/core.a(panic.o)
                0x00000000000010ea                core_panic
 .text.cpu_init
                0x0000000000001172        0x4 /home/waqar/RIOT/examples/Blink/bin/arduino-mega2560/cpu.a(cpu.o)
                0x0000000000001172                cpu_init
 .text._callback_unlock_mutex
                0x0000000000001176        0x4 /home/waqar/RIOT/examples/Blink/bin/arduino-mega2560/xtimer.a(xtimer.o)
 .text._xtimer_spin
                0x000000000000117a       0x5a /home/waqar/RIOT/examples/Blink/bin/arduino-mega2560/xtimer.a(xtimer.o)
 .text._xtimer_tsleep
                0x00000000000011d4       0xda /home/waqar/RIOT/examples/Blink/bin/arduino-mega2560/xtimer.a(xtimer.o)
                0x00000000000011d4                _xtimer_tsleep
 .text._xtimer_lltimer_now
                0x00000000000012ae       0x10 /home/waqar/RIOT/examples/Blink/bin/arduino-mega2560/xtimer.a(xtimer_core.o)
 .text._xtimer_now
                0x00000000000012be       0x50 /home/waqar/RIOT/examples/Blink/bin/arduino-mega2560/xtimer.a(xtimer_core.o)
 .text._lltimer_set
                0x000000000000130e       0x1c /home/waqar/RIOT/examples/Blink/bin/arduino-mega2560/xtimer.a(xtimer_core.o)
 .text._add_timer_to_long_list.constprop.3
                0x000000000000132a       0x7e /home/waqar/RIOT/examples/Blink/bin/arduino-mega2560/xtimer.a(xtimer_core.o)
 .text._next_period
                0x00000000000013a8      0x1a6 /home/waqar/RIOT/examples/Blink/bin/arduino-mega2560/xtimer.a(xtimer_core.o)
 .text._periph_timer_callback
                0x000000000000154e      0x1b8 /home/waqar/RIOT/examples/Blink/bin/arduino-mega2560/xtimer.a(xtimer_core.o)
 .text._remove  0x0000000000001706       0x96 /home/waqar/RIOT/examples/Blink/bin/arduino-mega2560/xtimer.a(xtimer_core.o)
 .text.xtimer_init
                0x000000000000179c       0x2a /home/waqar/RIOT/examples/Blink/bin/arduino-mega2560/xtimer.a(xtimer_core.o)
                0x000000000000179c                xtimer_init
 .text._xtimer_set_absolute
                0x00000000000017c6      0x1d8 /home/waqar/RIOT/examples/Blink/bin/arduino-mega2560/xtimer.a(xtimer_core.o)
                0x00000000000017c6                _xtimer_set_absolute
 .text.xtimer_remove
                0x000000000000199e       0x46 /home/waqar/RIOT/examples/Blink/bin/arduino-mega2560/xtimer.a(xtimer_core.o)
                0x000000000000199e                xtimer_remove
 .text._xtimer_set
                0x00000000000019e4       0xba /home/waqar/RIOT/examples/Blink/bin/arduino-mega2560/xtimer.a(xtimer_core.o)
                0x00000000000019e4                _xtimer_set
 .text._xtimer_set64
                0x0000000000001a9e      0x152 /home/waqar/RIOT/examples/Blink/bin/arduino-mega2560/xtimer.a(xtimer_core.o)
                0x0000000000001a9e                _xtimer_set64
 .text.periph_init
                0x0000000000001bf0        0x2 /home/waqar/RIOT/examples/Blink/bin/arduino-mega2560/periph_common.a(init.o)
                0x0000000000001bf0                periph_init
 .text.pm_off   0x0000000000001bf2        0x6 /home/waqar/RIOT/examples/Blink/bin/arduino-mega2560/periph_common.a(pm.o)
                0x0000000000001bf2                pm_off
 .text.pm_set_lowest
                0x0000000000001bf8        0x2 /home/waqar/RIOT/examples/Blink/bin/arduino-mega2560/periph_common.a(pm.o)
                0x0000000000001bf8                pm_set_lowest
 .text._uart_getchar
                0x0000000000001bfa       0x26 /home/waqar/RIOT/examples/Blink/bin/arduino-mega2560/atmega_common.a(atmega_stdio.o)
 .text._uart_putchar
                0x0000000000001c20       0x24 /home/waqar/RIOT/examples/Blink/bin/arduino-mega2560/atmega_common.a(atmega_stdio.o)
 .text.atmega_stdio_init
                0x0000000000001c44       0x20 /home/waqar/RIOT/examples/Blink/bin/arduino-mega2560/atmega_common.a(atmega_stdio.o)
                0x0000000000001c44                atmega_stdio_init
 .text.irq_disable
                0x0000000000001c64        0xc /home/waqar/RIOT/examples/Blink/bin/arduino-mega2560/atmega_common.a(irq_arch.o)
                0x0000000000001c64                irq_disable
 .text.irq_enable
                0x0000000000001c70        0xc /home/waqar/RIOT/examples/Blink/bin/arduino-mega2560/atmega_common.a(irq_arch.o)
                0x0000000000001c70                irq_enable
 .text.irq_restore
                0x0000000000001c7c       0x14 /home/waqar/RIOT/examples/Blink/bin/arduino-mega2560/atmega_common.a(irq_arch.o)
                0x0000000000001c7c                irq_restore
 .text.irq_is_in
                0x0000000000001c90        0x8 /home/waqar/RIOT/examples/Blink/bin/arduino-mega2560/atmega_common.a(irq_arch.o)
                0x0000000000001c90                irq_is_in
 .text.__enter_thread_mode
                0x0000000000001c98       0x62 /home/waqar/RIOT/examples/Blink/bin/arduino-mega2560/atmega_common.a(thread_arch.o)
 .text.thread_stack_init
                0x0000000000001cfa       0x6a /home/waqar/RIOT/examples/Blink/bin/arduino-mega2560/atmega_common.a(thread_arch.o)
                0x0000000000001cfa                thread_stack_init
 .text.cpu_switch_context_exit
                0x0000000000001d64       0x26 /home/waqar/RIOT/examples/Blink/bin/arduino-mega2560/atmega_common.a(thread_arch.o)
                0x0000000000001d64                cpu_switch_context_exit
 .text.thread_yield_higher
                0x0000000000001d8a        0xe /home/waqar/RIOT/examples/Blink/bin/arduino-mega2560/atmega_common.a(thread_arch.o)
                0x0000000000001d8a                thread_yield_higher
 .text.__vector_10
                0x0000000000001d98       0xc2 /home/waqar/RIOT/examples/Blink/bin/arduino-mega2560/atmega_common.a(thread_arch.o)
                0x0000000000001d98                __vector_10
 .text._isr     0x0000000000001e5a       0x64 /home/waqar/RIOT/examples/Blink/bin/arduino-mega2560/atmega_common_periph.a(timer.o)
 .text.timer_init
                0x0000000000001ebe       0xa8 /home/waqar/RIOT/examples/Blink/bin/arduino-mega2560/atmega_common_periph.a(timer.o)
                0x0000000000001ebe                timer_init
 .text.timer_set_absolute
                0x0000000000001f66       0x62 /home/waqar/RIOT/examples/Blink/bin/arduino-mega2560/atmega_common_periph.a(timer.o)
                0x0000000000001f66                timer_set_absolute
 .text.timer_read
                0x0000000000001fc8       0x20 /home/waqar/RIOT/examples/Blink/bin/arduino-mega2560/atmega_common_periph.a(timer.o)
                0x0000000000001fc8                timer_read
 .text.__vector_17
                0x0000000000001fe8       0x58 /home/waqar/RIOT/examples/Blink/bin/arduino-mega2560/atmega_common_periph.a(timer.o)
                0x0000000000001fe8                __vector_17
 .text.__vector_18
                0x0000000000002040       0x58 /home/waqar/RIOT/examples/Blink/bin/arduino-mega2560/atmega_common_periph.a(timer.o)
                0x0000000000002040                __vector_18
 .text.__vector_19
                0x0000000000002098       0x58 /home/waqar/RIOT/examples/Blink/bin/arduino-mega2560/atmega_common_periph.a(timer.o)
                0x0000000000002098                __vector_19
 .text.__vector_42
                0x00000000000020f0       0x58 /home/waqar/RIOT/examples/Blink/bin/arduino-mega2560/atmega_common_periph.a(timer.o)
                0x00000000000020f0                __vector_42
 .text.__vector_43
                0x0000000000002148       0x58 /home/waqar/RIOT/examples/Blink/bin/arduino-mega2560/atmega_common_periph.a(timer.o)
                0x0000000000002148                __vector_43
 .text.__vector_44
                0x00000000000021a0       0x58 /home/waqar/RIOT/examples/Blink/bin/arduino-mega2560/atmega_common_periph.a(timer.o)
                0x00000000000021a0                __vector_44
 .text.auto_init
                0x00000000000021f8        0x8 /home/waqar/RIOT/examples/Blink/bin/arduino-mega2560/auto_init.a(auto_init.o)
                0x00000000000021f8                auto_init
 .text.auto_init_gpio
                0x0000000000002200       0x2e /home/waqar/RIOT/examples/Blink/bin/arduino-mega2560/auto_init_saul.a(auto_init_gpio.o)
                0x0000000000002200                auto_init_gpio
 .text.led_init
                0x000000000000222e        0xe /home/waqar/RIOT/examples/Blink/bin/arduino-mega2560/boards_common_arduino-atmega.a(led_init.o)
                0x000000000000222e                led_init
 .text.write    0x000000000000223c       0x24 /home/waqar/RIOT/examples/Blink/bin/arduino-mega2560/saul.a(gpio_saul.o)
 .text.read     0x0000000000002260       0x4e /home/waqar/RIOT/examples/Blink/bin/arduino-mega2560/saul.a(gpio_saul.o)
 .text.saul_reg_add
                0x00000000000022ae       0x3e /home/waqar/RIOT/examples/Blink/bin/arduino-mega2560/saul_reg.a(saul_reg.o)
                0x00000000000022ae                saul_reg_add
 .text.uart_stdio_init
                0x00000000000022ec       0x22 /home/waqar/RIOT/examples/Blink/bin/arduino-mega2560/uart_stdio.a(uart_stdio.o)
                0x00000000000022ec                uart_stdio_init
 .text.uart_stdio_read
                0x000000000000230e        0xc /home/waqar/RIOT/examples/Blink/bin/arduino-mega2560/uart_stdio.a(uart_stdio.o)
                0x000000000000230e                uart_stdio_read
 .text.uart_stdio_write
                0x000000000000231a       0x1a /home/waqar/RIOT/examples/Blink/bin/arduino-mega2560/uart_stdio.a(uart_stdio.o)
                0x000000000000231a                uart_stdio_write
 .text.isr_handler
                0x0000000000002334       0x42 /home/waqar/RIOT/examples/Blink/bin/arduino-mega2560/atmega_common_periph.a(uart.o)
 .text.uart_init
                0x0000000000002376       0xa0 /home/waqar/RIOT/examples/Blink/bin/arduino-mega2560/atmega_common_periph.a(uart.o)
                0x0000000000002376                uart_init
 .text.uart_write
                0x0000000000002416       0x32 /home/waqar/RIOT/examples/Blink/bin/arduino-mega2560/atmega_common_periph.a(uart.o)
                0x0000000000002416                uart_write
 .text.__vector_25
                0x0000000000002448       0x5e /home/waqar/RIOT/examples/Blink/bin/arduino-mega2560/atmega_common_periph.a(uart.o)
                0x0000000000002448                __vector_25
 .text.__vector_36
                0x00000000000024a6       0x5e /home/waqar/RIOT/examples/Blink/bin/arduino-mega2560/atmega_common_periph.a(uart.o)
                0x00000000000024a6                __vector_36
 .text.__vector_51
                0x0000000000002504       0x5e /home/waqar/RIOT/examples/Blink/bin/arduino-mega2560/atmega_common_periph.a(uart.o)
                0x0000000000002504                __vector_51
 .text.__vector_54
                0x0000000000002562       0x5e /home/waqar/RIOT/examples/Blink/bin/arduino-mega2560/atmega_common_periph.a(uart.o)
                0x0000000000002562                __vector_54
 .text.isrpipe_write_one
                0x00000000000025c0       0x24 /home/waqar/RIOT/examples/Blink/bin/arduino-mega2560/isrpipe.a(isrpipe.o)
                0x00000000000025c0                isrpipe_write_one
 .text.isrpipe_read
                0x00000000000025e4       0x48 /home/waqar/RIOT/examples/Blink/bin/arduino-mega2560/isrpipe.a(isrpipe.o)
                0x00000000000025e4                isrpipe_read
 .text.tsrb_get
                0x000000000000262c       0x54 /home/waqar/RIOT/examples/Blink/bin/arduino-mega2560/tsrb.a(tsrb.o)
                0x000000000000262c                tsrb_get
 .text.tsrb_add_one
                0x0000000000002680       0x58 /home/waqar/RIOT/examples/Blink/bin/arduino-mega2560/tsrb.a(tsrb.o)
                0x0000000000002680                tsrb_add_one
 .text.libgcc.div
                0x00000000000026d8       0x44 /usr/lib/gcc/avr/4.9.2/avr6/libgcc.a(_udivmodsi4.o)
                0x00000000000026d8                __udivmodsi4
 .text.avr-libc
                0x000000000000271c        0xe /usr/lib/gcc/avr/4.9.2/../../../avr/lib/avr6/libc.a(memset.o)
                0x000000000000271c                memset
 .text.avr-libc
                0x000000000000272a       0x28 /usr/lib/gcc/avr/4.9.2/../../../avr/lib/avr6/libc.a(printf.o)
                0x000000000000272a                printf
 .text.avr-libc
                0x0000000000002752       0x60 /usr/lib/gcc/avr/4.9.2/../../../avr/lib/avr6/libc.a(puts.o)
                0x0000000000002752                puts
 .text.avr-libc
                0x00000000000027b2      0x3f6 /usr/lib/gcc/avr/4.9.2/../../../avr/lib/avr6/libc.a(vfprintf_std.o)
                0x00000000000027b2                vfprintf
 .text.avr-libc
                0x0000000000002ba8       0x16 /usr/lib/gcc/avr/4.9.2/../../../avr/lib/avr6/libc.a(strnlen_P.o)
                0x0000000000002ba8                strnlen_P
 .text.avr-libc
                0x0000000000002bbe       0x16 /usr/lib/gcc/avr/4.9.2/../../../avr/lib/avr6/libc.a(strnlen.o)
                0x0000000000002bbe                strnlen
 .text.avr-libc
                0x0000000000002bd4       0x70 /usr/lib/gcc/avr/4.9.2/../../../avr/lib/avr6/libc.a(fputc.o)
                0x0000000000002bd4                fputc
 .text.avr-libc
                0x0000000000002c44       0xbc /usr/lib/gcc/avr/4.9.2/../../../avr/lib/avr6/libc.a(ultoa_invert.o)
                0x0000000000002c44                __ultoa_invert
                0x0000000000002d00                . = ALIGN (0x2)
 *(.fini9)
 .fini9         0x0000000000002d00        0x0 /usr/lib/gcc/avr/4.9.2/avr6/libgcc.a(_exit.o)
                0x0000000000002d00                exit
                0x0000000000002d00                _exit
 *(.fini9)
 *(.fini8)
 *(.fini8)
 *(.fini7)
 *(.fini7)
 *(.fini6)
 *(.fini6)
 *(.fini5)
 *(.fini5)
 *(.fini4)
 *(.fini4)
 *(.fini3)
 *(.fini3)
 *(.fini2)
 *(.fini2)
 *(.fini1)
 *(.fini1)
 *(.fini0)
 .fini0         0x0000000000002d00        0x4 /usr/lib/gcc/avr/4.9.2/avr6/libgcc.a(_exit.o)
 *(.fini0)
                0x0000000000002d04                _etext = .

.data           0x0000000000800200      0x112 load address 0x0000000000002d04
                0x0000000000800200                PROVIDE (__data_start, .)
 *(.data)
 *(.data*)
 .data.Output_pin
                0x0000000000800200        0x2 /home/waqar/RIOT/examples/Blink/bin/arduino-mega2560/application_Blink.a(Blink.o)
                0x0000000000800200                Output_pin
 .data.Second_Input_Pin
                0x0000000000800202        0x2 /home/waqar/RIOT/examples/Blink/bin/arduino-mega2560/application_Blink.a(Blink.o)
                0x0000000000800202                Second_Input_Pin
 .data.First_Input_Pin
                0x0000000000800204        0x2 /home/waqar/RIOT/examples/Blink/bin/arduino-mega2560/application_Blink.a(Blink.o)
                0x0000000000800204                First_Input_Pin
 .data.idle_name
                0x0000000000800206        0x2 /home/waqar/RIOT/examples/Blink/bin/arduino-mega2560/core.a(kernel_init.o)
                0x0000000000800206                idle_name
 .data.main_name
                0x0000000000800208        0x2 /home/waqar/RIOT/examples/Blink/bin/arduino-mega2560/core.a(kernel_init.o)
                0x0000000000800208                main_name
 .data._uart_stdin
                0x000000000080020a        0xe /home/waqar/RIOT/examples/Blink/bin/arduino-mega2560/atmega_common.a(atmega_stdio.o)
 .data._uart_stdout
                0x0000000000800218        0xe /home/waqar/RIOT/examples/Blink/bin/arduino-mega2560/atmega_common.a(atmega_stdio.o)
 .data.ctx      0x0000000000800226       0x18 /home/waqar/RIOT/examples/Blink/bin/arduino-mega2560/atmega_common_periph.a(timer.o)
 .data.uart_stdio_isrpipe
                0x000000000080023e        0xa /home/waqar/RIOT/examples/Blink/bin/arduino-mega2560/uart_stdio.a(uart_stdio.o)
                0x000000000080023e                uart_stdio_isrpipe
 *(.rodata)
 *(.rodata*)
 .rodata.str1.1
                0x0000000000800248       0x59 /home/waqar/RIOT/examples/Blink/bin/arduino-mega2560/core.a(kernel_init.o)
 .rodata.str1.1
                0x00000000008002a1       0x41 /home/waqar/RIOT/examples/Blink/bin/arduino-mega2560/core.a(panic.o)
 .rodata.assert_crash_message
                0x00000000008002e2       0x12 /home/waqar/RIOT/examples/Blink/bin/arduino-mega2560/core.a(panic.o)
                0x00000000008002e2                assert_crash_message
 .rodata.str1.1
                0x00000000008002f4        0x2 /home/waqar/RIOT/examples/Blink/bin/arduino-mega2560/atmega_common.a(atmega_stdio.o)
 .rodata.prescalers
                0x00000000008002f6        0x5 /home/waqar/RIOT/examples/Blink/bin/arduino-mega2560/atmega_common_periph.a(timer.o)
 .rodata.str1.1
                0x00000000008002fb        0x4 /home/waqar/RIOT/examples/Blink/bin/arduino-mega2560/auto_init_saul.a(auto_init_gpio.o)
 .rodata.saul_gpio_params
                0x00000000008002ff        0x6 /home/waqar/RIOT/examples/Blink/bin/arduino-mega2560/auto_init_saul.a(auto_init_gpio.o)
 .rodata.gpio_out_saul_driver
                0x0000000000800305        0x5 /home/waqar/RIOT/examples/Blink/bin/arduino-mega2560/saul.a(gpio_saul.o)
                0x0000000000800305                gpio_out_saul_driver
 .rodata.dev    0x000000000080030a        0x8 /home/waqar/RIOT/examples/Blink/bin/arduino-mega2560/atmega_common_periph.a(uart.o)
 *(.gnu.linkonce.d*)
                0x0000000000800312                . = ALIGN (0x2)
                0x0000000000800312                _edata = .
                0x0000000000800312                PROVIDE (__data_end, .)

.bss            0x0000000000800312      0x775
                0x0000000000800312                PROVIDE (__bss_start, .)
 *(.bss)
 *(.bss*)
 .bss.t3_stack  0x0000000000800312      0x180 /home/waqar/RIOT/examples/Blink/bin/arduino-mega2560/application_Blink.a(Blink.o)
                0x0000000000800312                t3_stack
 .bss.t2_stack  0x0000000000800492      0x180 /home/waqar/RIOT/examples/Blink/bin/arduino-mega2560/application_Blink.a(Blink.o)
                0x0000000000800492                t2_stack
 .bss.t1_stack  0x0000000000800612      0x180 /home/waqar/RIOT/examples/Blink/bin/arduino-mega2560/application_Blink.a(Blink.o)
                0x0000000000800612                t1_stack
 .bss.lock      0x0000000000800792        0x2 /home/waqar/RIOT/examples/Blink/bin/arduino-mega2560/application_Blink.a(Blink.o)
                0x0000000000800792                lock
 .bss.Result_of_AND_Gate
                0x0000000000800794        0x2 /home/waqar/RIOT/examples/Blink/bin/arduino-mega2560/application_Blink.a(Blink.o)
                0x0000000000800794                Result_of_AND_Gate
 .bss.Compute_AND_Gate
                0x0000000000800796        0x2 /home/waqar/RIOT/examples/Blink/bin/arduino-mega2560/application_Blink.a(Blink.o)
                0x0000000000800796                Compute_AND_Gate
 .bss.Scan_Inputs
                0x0000000000800798        0x2 /home/waqar/RIOT/examples/Blink/bin/arduino-mega2560/application_Blink.a(Blink.o)
                0x0000000000800798                Scan_Inputs
 .bss.config    0x000000000080079a        0xc /home/waqar/RIOT/examples/Blink/bin/arduino-mega2560/atmega_common_periph.a(gpio.o)
 .bss.runqueue_bitcache
                0x00000000008007a6        0x4 /home/waqar/RIOT/examples/Blink/bin/arduino-mega2560/core.a(sched.o)
 .bss.sched_runqueues
                0x00000000008007aa       0x20 /home/waqar/RIOT/examples/Blink/bin/arduino-mega2560/core.a(sched.o)
                0x00000000008007aa                sched_runqueues
 .bss.sched_active_pid
                0x00000000008007ca        0x2 /home/waqar/RIOT/examples/Blink/bin/arduino-mega2560/core.a(sched.o)
                0x00000000008007ca                sched_active_pid
 .bss.sched_active_thread
                0x00000000008007cc        0x2 /home/waqar/RIOT/examples/Blink/bin/arduino-mega2560/core.a(sched.o)
                0x00000000008007cc                sched_active_thread
 .bss.sched_threads
                0x00000000008007ce       0x42 /home/waqar/RIOT/examples/Blink/bin/arduino-mega2560/core.a(sched.o)
                0x00000000008007ce                sched_threads
 .bss.sched_context_switch_request
                0x0000000000800810        0x2 /home/waqar/RIOT/examples/Blink/bin/arduino-mega2560/core.a(sched.o)
                0x0000000000800810                sched_context_switch_request
 .bss.sched_num_threads
                0x0000000000800812        0x2 /home/waqar/RIOT/examples/Blink/bin/arduino-mega2560/core.a(sched.o)
                0x0000000000800812                sched_num_threads
 .bss.idle_stack
                0x0000000000800814       0x80 /home/waqar/RIOT/examples/Blink/bin/arduino-mega2560/core.a(kernel_init.o)
 .bss.main_stack
                0x0000000000800894      0x180 /home/waqar/RIOT/examples/Blink/bin/arduino-mega2560/core.a(kernel_init.o)
 .bss.crashed   0x0000000000800a14        0x2 /home/waqar/RIOT/examples/Blink/bin/arduino-mega2560/core.a(panic.o)
 .bss.long_list_head
                0x0000000000800a16        0x2 /home/waqar/RIOT/examples/Blink/bin/arduino-mega2560/xtimer.a(xtimer_core.o)
 .bss.overflow_list_head
                0x0000000000800a18        0x2 /home/waqar/RIOT/examples/Blink/bin/arduino-mega2560/xtimer.a(xtimer_core.o)
 .bss.timer_list_head
                0x0000000000800a1a        0x2 /home/waqar/RIOT/examples/Blink/bin/arduino-mega2560/xtimer.a(xtimer_core.o)
 .bss._xtimer_high_cnt
                0x0000000000800a1c        0x4 /home/waqar/RIOT/examples/Blink/bin/arduino-mega2560/xtimer.a(xtimer_core.o)
                0x0000000000800a1c                _xtimer_high_cnt
 .bss._long_cnt
                0x0000000000800a20        0x4 /home/waqar/RIOT/examples/Blink/bin/arduino-mega2560/xtimer.a(xtimer_core.o)
 .bss._in_handler
                0x0000000000800a24        0x2 /home/waqar/RIOT/examples/Blink/bin/arduino-mega2560/xtimer.a(xtimer_core.o)
 .bss.__in_isr  0x0000000000800a26        0x1 /home/waqar/RIOT/examples/Blink/bin/arduino-mega2560/atmega_common.a(irq_arch.o)
                0x0000000000800a26                __in_isr
 .bss.saul_reg_entries
                0x0000000000800a27        0x8 /home/waqar/RIOT/examples/Blink/bin/arduino-mega2560/auto_init_saul.a(auto_init_gpio.o)
 .bss.saul_reg  0x0000000000800a2f        0x2 /home/waqar/RIOT/examples/Blink/bin/arduino-mega2560/saul_reg.a(saul_reg.o)
                0x0000000000800a2f                saul_reg
 .bss._rx_buf_mem
                0x0000000000800a31       0x40 /home/waqar/RIOT/examples/Blink/bin/arduino-mega2560/uart_stdio.a(uart_stdio.o)
 .bss.isr_ctx   0x0000000000800a71       0x10 /home/waqar/RIOT/examples/Blink/bin/arduino-mega2560/atmega_common_periph.a(uart.o)
 *(COMMON)
 COMMON         0x0000000000800a81        0x6 /usr/lib/gcc/avr/4.9.2/../../../avr/lib/avr6/libc.a(iob.o)
                0x0000000000800a81                __iob
                0x0000000000800a87                PROVIDE (__bss_end, .)
                0x0000000000002d04                __data_load_start = LOADADDR (.data)
                0x0000000000002e16                __data_load_end = (__data_load_start + SIZEOF (.data))

.noinit         0x0000000000800a87        0x0
                0x0000000000800a87                PROVIDE (__noinit_start, .)
 *(.noinit*)
                0x0000000000800a87                PROVIDE (__noinit_end, .)
                0x0000000000800a87                _end = .
                0x0000000000800a87                PROVIDE (__heap_start, .)

.eeprom         0x0000000000810000        0x0
 *(.eeprom*)
                0x0000000000810000                __eeprom_end = .

.fuse
 *(.fuse)
 *(.lfuse)
 *(.hfuse)
 *(.efuse)

.lock
 *(.lock*)

.signature
 *(.signature*)

.user_signatures
 *(.user_signatures*)

.stab
 *(.stab)

.stabstr
 *(.stabstr)

.stab.excl
 *(.stab.excl)

.stab.exclstr
 *(.stab.exclstr)

.stab.index
 *(.stab.index)

.stab.indexstr
 *(.stab.indexstr)

.comment        0x0000000000000000       0x11
 *(.comment)
 .comment       0x0000000000000000       0x11 /home/waqar/RIOT/examples/Blink/bin/arduino-mega2560/cpu/startup.o
                                         0x12 (size before relaxing)
 .comment       0x0000000000000011       0x12 /home/waqar/RIOT/examples/Blink/bin/arduino-mega2560/application_Blink.a(Blink.o)
 .comment       0x0000000000000011       0x12 /home/waqar/RIOT/examples/Blink/bin/arduino-mega2560/atmega_common_periph.a(gpio.o)
 .comment       0x0000000000000011       0x12 /home/waqar/RIOT/examples/Blink/bin/arduino-mega2560/boards_common_atmega.a(board.o)
 .comment       0x0000000000000011       0x12 /home/waqar/RIOT/examples/Blink/bin/arduino-mega2560/core.a(mutex.o)
 .comment       0x0000000000000011       0x12 /home/waqar/RIOT/examples/Blink/bin/arduino-mega2560/core.a(sched.o)
 .comment       0x0000000000000011       0x12 /home/waqar/RIOT/examples/Blink/bin/arduino-mega2560/core.a(kernel_init.o)
 .comment       0x0000000000000011       0x12 /home/waqar/RIOT/examples/Blink/bin/arduino-mega2560/core.a(thread.o)
 .comment       0x0000000000000011       0x12 /home/waqar/RIOT/examples/Blink/bin/arduino-mega2560/core.a(msg.o)
 .comment       0x0000000000000011       0x12 /home/waqar/RIOT/examples/Blink/bin/arduino-mega2560/core.a(panic.o)
 .comment       0x0000000000000011       0x12 /home/waqar/RIOT/examples/Blink/bin/arduino-mega2560/cpu.a(cpu.o)
 .comment       0x0000000000000011       0x12 /home/waqar/RIOT/examples/Blink/bin/arduino-mega2560/xtimer.a(xtimer.o)
 .comment       0x0000000000000011       0x12 /home/waqar/RIOT/examples/Blink/bin/arduino-mega2560/xtimer.a(xtimer_core.o)
 .comment       0x0000000000000011       0x12 /home/waqar/RIOT/examples/Blink/bin/arduino-mega2560/periph_common.a(init.o)
 .comment       0x0000000000000011       0x12 /home/waqar/RIOT/examples/Blink/bin/arduino-mega2560/periph_common.a(pm.o)
 .comment       0x0000000000000011       0x12 /home/waqar/RIOT/examples/Blink/bin/arduino-mega2560/atmega_common.a(atmega_stdio.o)
 .comment       0x0000000000000011       0x12 /home/waqar/RIOT/examples/Blink/bin/arduino-mega2560/atmega_common.a(irq_arch.o)
 .comment       0x0000000000000011       0x12 /home/waqar/RIOT/examples/Blink/bin/arduino-mega2560/atmega_common.a(thread_arch.o)
 .comment       0x0000000000000011       0x12 /home/waqar/RIOT/examples/Blink/bin/arduino-mega2560/atmega_common_periph.a(timer.o)
 .comment       0x0000000000000011       0x12 /home/waqar/RIOT/examples/Blink/bin/arduino-mega2560/auto_init.a(auto_init.o)
 .comment       0x0000000000000011       0x12 /home/waqar/RIOT/examples/Blink/bin/arduino-mega2560/auto_init_saul.a(auto_init_gpio.o)
 .comment       0x0000000000000011       0x12 /home/waqar/RIOT/examples/Blink/bin/arduino-mega2560/boards_common_arduino-atmega.a(led_init.o)
 .comment       0x0000000000000011       0x12 /home/waqar/RIOT/examples/Blink/bin/arduino-mega2560/saul.a(gpio_saul.o)
 .comment       0x0000000000000011       0x12 /home/waqar/RIOT/examples/Blink/bin/arduino-mega2560/saul_reg.a(saul_reg.o)
 .comment       0x0000000000000011       0x12 /home/waqar/RIOT/examples/Blink/bin/arduino-mega2560/uart_stdio.a(uart_stdio.o)
 .comment       0x0000000000000011       0x12 /home/waqar/RIOT/examples/Blink/bin/arduino-mega2560/atmega_common_periph.a(uart.o)
 .comment       0x0000000000000011       0x12 /home/waqar/RIOT/examples/Blink/bin/arduino-mega2560/isrpipe.a(isrpipe.o)
 .comment       0x0000000000000011       0x12 /home/waqar/RIOT/examples/Blink/bin/arduino-mega2560/tsrb.a(tsrb.o)
 .comment       0x0000000000000011       0x12 /usr/lib/gcc/avr/4.9.2/../../../avr/lib/avr6/libc.a(iob.o)
 .comment       0x0000000000000011       0x12 /usr/lib/gcc/avr/4.9.2/../../../avr/lib/avr6/libc.a(printf.o)
 .comment       0x0000000000000011       0x12 /usr/lib/gcc/avr/4.9.2/../../../avr/lib/avr6/libc.a(puts.o)
 .comment       0x0000000000000011       0x12 /usr/lib/gcc/avr/4.9.2/../../../avr/lib/avr6/libc.a(vfprintf_std.o)
 .comment       0x0000000000000011       0x12 /usr/lib/gcc/avr/4.9.2/../../../avr/lib/avr6/libc.a(fputc.o)

.note.gnu.avr.deviceinfo
                0x0000000000000000       0x40
 .note.gnu.avr.deviceinfo
                0x0000000000000000       0x40 /usr/lib/gcc/avr/4.9.2/../../../avr/lib/avr6/crtatmega2560.o

.note.gnu.build-id
 *(.note.gnu.build-id)

.debug
 *(.debug)

.line
 *(.line)

.debug_srcinfo
 *(.debug_srcinfo)

.debug_sfnames
 *(.debug_sfnames)

.debug_aranges  0x0000000000000000      0x780
 *(.debug_aranges)
 .debug_aranges
                0x0000000000000000       0x30 /home/waqar/RIOT/examples/Blink/bin/arduino-mega2560/cpu/startup.o
 .debug_aranges
                0x0000000000000030       0x38 /home/waqar/RIOT/examples/Blink/bin/arduino-mega2560/application_Blink.a(Blink.o)
 .debug_aranges
                0x0000000000000068       0xb0 /home/waqar/RIOT/examples/Blink/bin/arduino-mega2560/atmega_common_periph.a(gpio.o)
 .debug_aranges
                0x0000000000000118       0x20 /home/waqar/RIOT/examples/Blink/bin/arduino-mega2560/boards_common_atmega.a(board.o)
 .debug_aranges
                0x0000000000000138       0x30 /home/waqar/RIOT/examples/Blink/bin/arduino-mega2560/core.a(mutex.o)
 .debug_aranges
                0x0000000000000168       0x38 /home/waqar/RIOT/examples/Blink/bin/arduino-mega2560/core.a(sched.o)
 .debug_aranges
                0x00000000000001a0       0x30 /home/waqar/RIOT/examples/Blink/bin/arduino-mega2560/core.a(kernel_init.o)
 .debug_aranges
                0x00000000000001d0       0x60 /home/waqar/RIOT/examples/Blink/bin/arduino-mega2560/core.a(thread.o)
 .debug_aranges
                0x0000000000000230       0x90 /home/waqar/RIOT/examples/Blink/bin/arduino-mega2560/core.a(msg.o)
 .debug_aranges
                0x00000000000002c0       0x28 /home/waqar/RIOT/examples/Blink/bin/arduino-mega2560/core.a(panic.o)
 .debug_aranges
                0x00000000000002e8       0x20 /home/waqar/RIOT/examples/Blink/bin/arduino-mega2560/cpu.a(cpu.o)
 .debug_aranges
                0x0000000000000308       0x98 /home/waqar/RIOT/examples/Blink/bin/arduino-mega2560/xtimer.a(xtimer.o)
 .debug_aranges
                0x00000000000003a0       0x80 /home/waqar/RIOT/examples/Blink/bin/arduino-mega2560/xtimer.a(xtimer_core.o)
 .debug_aranges
                0x0000000000000420       0x20 /home/waqar/RIOT/examples/Blink/bin/arduino-mega2560/periph_common.a(init.o)
 .debug_aranges
                0x0000000000000440       0x28 /home/waqar/RIOT/examples/Blink/bin/arduino-mega2560/periph_common.a(pm.o)
 .debug_aranges
                0x0000000000000468       0x30 /home/waqar/RIOT/examples/Blink/bin/arduino-mega2560/atmega_common.a(atmega_stdio.o)
 .debug_aranges
                0x0000000000000498       0x38 /home/waqar/RIOT/examples/Blink/bin/arduino-mega2560/atmega_common.a(irq_arch.o)
 .debug_aranges
                0x00000000000004d0       0x48 /home/waqar/RIOT/examples/Blink/bin/arduino-mega2560/atmega_common.a(thread_arch.o)
 .debug_aranges
                0x0000000000000518       0x80 /home/waqar/RIOT/examples/Blink/bin/arduino-mega2560/atmega_common_periph.a(timer.o)
 .debug_aranges
                0x0000000000000598       0x20 /home/waqar/RIOT/examples/Blink/bin/arduino-mega2560/auto_init.a(auto_init.o)
 .debug_aranges
                0x00000000000005b8       0x20 /home/waqar/RIOT/examples/Blink/bin/arduino-mega2560/auto_init_saul.a(auto_init_gpio.o)
 .debug_aranges
                0x00000000000005d8       0x20 /home/waqar/RIOT/examples/Blink/bin/arduino-mega2560/boards_common_arduino-atmega.a(led_init.o)
 .debug_aranges
                0x00000000000005f8       0x28 /home/waqar/RIOT/examples/Blink/bin/arduino-mega2560/saul.a(gpio_saul.o)
 .debug_aranges
                0x0000000000000620       0x50 /home/waqar/RIOT/examples/Blink/bin/arduino-mega2560/saul_reg.a(saul_reg.o)
 .debug_aranges
                0x0000000000000670       0x30 /home/waqar/RIOT/examples/Blink/bin/arduino-mega2560/uart_stdio.a(uart_stdio.o)
 .debug_aranges
                0x00000000000006a0       0x60 /home/waqar/RIOT/examples/Blink/bin/arduino-mega2560/atmega_common_periph.a(uart.o)
 .debug_aranges
                0x0000000000000700       0x48 /home/waqar/RIOT/examples/Blink/bin/arduino-mega2560/isrpipe.a(isrpipe.o)
 .debug_aranges
                0x0000000000000748       0x38 /home/waqar/RIOT/examples/Blink/bin/arduino-mega2560/tsrb.a(tsrb.o)

.debug_pubnames
 *(.debug_pubnames)

.debug_info     0x0000000000000000     0x9e3b
 *(.debug_info .gnu.linkonce.wi.*)
 .debug_info    0x0000000000000000       0xfb /home/waqar/RIOT/examples/Blink/bin/arduino-mega2560/cpu/startup.o
 .debug_info    0x00000000000000fb      0xa1d /home/waqar/RIOT/examples/Blink/bin/arduino-mega2560/application_Blink.a(Blink.o)
 .debug_info    0x0000000000000b18      0x8ad /home/waqar/RIOT/examples/Blink/bin/arduino-mega2560/atmega_common_periph.a(gpio.o)
 .debug_info    0x00000000000013c5       0xf9 /home/waqar/RIOT/examples/Blink/bin/arduino-mega2560/boards_common_atmega.a(board.o)
 .debug_info    0x00000000000014be      0x665 /home/waqar/RIOT/examples/Blink/bin/arduino-mega2560/core.a(mutex.o)
 .debug_info    0x0000000000001b23      0x5db /home/waqar/RIOT/examples/Blink/bin/arduino-mega2560/core.a(sched.o)
 .debug_info    0x00000000000020fe      0x364 /home/waqar/RIOT/examples/Blink/bin/arduino-mega2560/core.a(kernel_init.o)
 .debug_info    0x0000000000002462      0xa09 /home/waqar/RIOT/examples/Blink/bin/arduino-mega2560/core.a(thread.o)
 .debug_info    0x0000000000002e6b      0xfed /home/waqar/RIOT/examples/Blink/bin/arduino-mega2560/core.a(msg.o)
 .debug_info    0x0000000000003e58      0x255 /home/waqar/RIOT/examples/Blink/bin/arduino-mega2560/core.a(panic.o)
 .debug_info    0x00000000000040ad       0xbc /home/waqar/RIOT/examples/Blink/bin/arduino-mega2560/cpu.a(cpu.o)
 .debug_info    0x0000000000004169     0x12b0 /home/waqar/RIOT/examples/Blink/bin/arduino-mega2560/xtimer.a(xtimer.o)
 .debug_info    0x0000000000005419     0x116d /home/waqar/RIOT/examples/Blink/bin/arduino-mega2560/xtimer.a(xtimer_core.o)
 .debug_info    0x0000000000006586       0x40 /home/waqar/RIOT/examples/Blink/bin/arduino-mega2560/periph_common.a(init.o)
 .debug_info    0x00000000000065c6       0xfe /home/waqar/RIOT/examples/Blink/bin/arduino-mega2560/periph_common.a(pm.o)
 .debug_info    0x00000000000066c4      0x2db /home/waqar/RIOT/examples/Blink/bin/arduino-mega2560/atmega_common.a(atmega_stdio.o)
 .debug_info    0x000000000000699f      0x1ad /home/waqar/RIOT/examples/Blink/bin/arduino-mega2560/atmega_common.a(irq_arch.o)
 .debug_info    0x0000000000006b4c      0x519 /home/waqar/RIOT/examples/Blink/bin/arduino-mega2560/atmega_common.a(thread_arch.o)
 .debug_info    0x0000000000007065      0x7ad /home/waqar/RIOT/examples/Blink/bin/arduino-mega2560/atmega_common_periph.a(timer.o)
 .debug_info    0x0000000000007812      0x30b /home/waqar/RIOT/examples/Blink/bin/arduino-mega2560/auto_init.a(auto_init.o)
 .debug_info    0x0000000000007b1d      0x3e3 /home/waqar/RIOT/examples/Blink/bin/arduino-mega2560/auto_init_saul.a(auto_init_gpio.o)
 .debug_info    0x0000000000007f00      0x11d /home/waqar/RIOT/examples/Blink/bin/arduino-mega2560/boards_common_arduino-atmega.a(led_init.o)
 .debug_info    0x000000000000801d      0x4ee /home/waqar/RIOT/examples/Blink/bin/arduino-mega2560/saul.a(gpio_saul.o)
 .debug_info    0x000000000000850b      0x400 /home/waqar/RIOT/examples/Blink/bin/arduino-mega2560/saul_reg.a(saul_reg.o)
 .debug_info    0x000000000000890b      0x3c9 /home/waqar/RIOT/examples/Blink/bin/arduino-mega2560/uart_stdio.a(uart_stdio.o)
 .debug_info    0x0000000000008cd4      0x5ae /home/waqar/RIOT/examples/Blink/bin/arduino-mega2560/atmega_common_periph.a(uart.o)
 .debug_info    0x0000000000009282      0x861 /home/waqar/RIOT/examples/Blink/bin/arduino-mega2560/isrpipe.a(isrpipe.o)
 .debug_info    0x0000000000009ae3      0x358 /home/waqar/RIOT/examples/Blink/bin/arduino-mega2560/tsrb.a(tsrb.o)

.debug_abbrev   0x0000000000000000     0x3545
 *(.debug_abbrev)
 .debug_abbrev  0x0000000000000000       0xae /home/waqar/RIOT/examples/Blink/bin/arduino-mega2560/cpu/startup.o
 .debug_abbrev  0x00000000000000ae      0x24a /home/waqar/RIOT/examples/Blink/bin/arduino-mega2560/application_Blink.a(Blink.o)
 .debug_abbrev  0x00000000000002f8      0x2b0 /home/waqar/RIOT/examples/Blink/bin/arduino-mega2560/atmega_common_periph.a(gpio.o)
 .debug_abbrev  0x00000000000005a8       0xa9 /home/waqar/RIOT/examples/Blink/bin/arduino-mega2560/boards_common_atmega.a(board.o)
 .debug_abbrev  0x0000000000000651      0x24f /home/waqar/RIOT/examples/Blink/bin/arduino-mega2560/core.a(mutex.o)
 .debug_abbrev  0x00000000000008a0      0x27d /home/waqar/RIOT/examples/Blink/bin/arduino-mega2560/core.a(sched.o)
 .debug_abbrev  0x0000000000000b1d      0x1b0 /home/waqar/RIOT/examples/Blink/bin/arduino-mega2560/core.a(kernel_init.o)
 .debug_abbrev  0x0000000000000ccd      0x2fd /home/waqar/RIOT/examples/Blink/bin/arduino-mega2560/core.a(thread.o)
 .debug_abbrev  0x0000000000000fca      0x3fc /home/waqar/RIOT/examples/Blink/bin/arduino-mega2560/core.a(msg.o)
 .debug_abbrev  0x00000000000013c6      0x183 /home/waqar/RIOT/examples/Blink/bin/arduino-mega2560/core.a(panic.o)
 .debug_abbrev  0x0000000000001549       0x8b /home/waqar/RIOT/examples/Blink/bin/arduino-mega2560/cpu.a(cpu.o)
 .debug_abbrev  0x00000000000015d4      0x41e /home/waqar/RIOT/examples/Blink/bin/arduino-mega2560/xtimer.a(xtimer.o)
 .debug_abbrev  0x00000000000019f2      0x49b /home/waqar/RIOT/examples/Blink/bin/arduino-mega2560/xtimer.a(xtimer_core.o)
 .debug_abbrev  0x0000000000001e8d       0x2f /home/waqar/RIOT/examples/Blink/bin/arduino-mega2560/periph_common.a(init.o)
 .debug_abbrev  0x0000000000001ebc       0xc8 /home/waqar/RIOT/examples/Blink/bin/arduino-mega2560/periph_common.a(pm.o)
 .debug_abbrev  0x0000000000001f84      0x1be /home/waqar/RIOT/examples/Blink/bin/arduino-mega2560/atmega_common.a(atmega_stdio.o)
 .debug_abbrev  0x0000000000002142      0x136 /home/waqar/RIOT/examples/Blink/bin/arduino-mega2560/atmega_common.a(irq_arch.o)
 .debug_abbrev  0x0000000000002278      0x252 /home/waqar/RIOT/examples/Blink/bin/arduino-mega2560/atmega_common.a(thread_arch.o)
 .debug_abbrev  0x00000000000024ca      0x24b /home/waqar/RIOT/examples/Blink/bin/arduino-mega2560/atmega_common_periph.a(timer.o)
 .debug_abbrev  0x0000000000002715      0x13e /home/waqar/RIOT/examples/Blink/bin/arduino-mega2560/auto_init.a(auto_init.o)
 .debug_abbrev  0x0000000000002853      0x16e /home/waqar/RIOT/examples/Blink/bin/arduino-mega2560/auto_init_saul.a(auto_init_gpio.o)
 .debug_abbrev  0x00000000000029c1       0xb3 /home/waqar/RIOT/examples/Blink/bin/arduino-mega2560/boards_common_arduino-atmega.a(led_init.o)
 .debug_abbrev  0x0000000000002a74      0x199 /home/waqar/RIOT/examples/Blink/bin/arduino-mega2560/saul.a(gpio_saul.o)
 .debug_abbrev  0x0000000000002c0d      0x178 /home/waqar/RIOT/examples/Blink/bin/arduino-mega2560/saul_reg.a(saul_reg.o)
 .debug_abbrev  0x0000000000002d85      0x1b8 /home/waqar/RIOT/examples/Blink/bin/arduino-mega2560/uart_stdio.a(uart_stdio.o)
 .debug_abbrev  0x0000000000002f3d      0x25a /home/waqar/RIOT/examples/Blink/bin/arduino-mega2560/atmega_common_periph.a(uart.o)
 .debug_abbrev  0x0000000000003197      0x252 /home/waqar/RIOT/examples/Blink/bin/arduino-mega2560/isrpipe.a(isrpipe.o)
 .debug_abbrev  0x00000000000033e9      0x15c /home/waqar/RIOT/examples/Blink/bin/arduino-mega2560/tsrb.a(tsrb.o)

.debug_line     0x0000000000000000     0x7f3d
 *(.debug_line .debug_line.* .debug_line_end)
 .debug_line    0x0000000000000000      0x418 /home/waqar/RIOT/examples/Blink/bin/arduino-mega2560/cpu/startup.o
 .debug_line    0x0000000000000418      0x626 /home/waqar/RIOT/examples/Blink/bin/arduino-mega2560/application_Blink.a(Blink.o)
 .debug_line    0x0000000000000a3e      0x579 /home/waqar/RIOT/examples/Blink/bin/arduino-mega2560/atmega_common_periph.a(gpio.o)
 .debug_line    0x0000000000000fb7      0x3fa /home/waqar/RIOT/examples/Blink/bin/arduino-mega2560/boards_common_atmega.a(board.o)
 .debug_line    0x00000000000013b1      0x411 /home/waqar/RIOT/examples/Blink/bin/arduino-mega2560/core.a(mutex.o)
 .debug_line    0x00000000000017c2      0x440 /home/waqar/RIOT/examples/Blink/bin/arduino-mega2560/core.a(sched.o)
 .debug_line    0x0000000000001c02      0x485 /home/waqar/RIOT/examples/Blink/bin/arduino-mega2560/core.a(kernel_init.o)
 .debug_line    0x0000000000002087      0x4cf /home/waqar/RIOT/examples/Blink/bin/arduino-mega2560/core.a(thread.o)
 .debug_line    0x0000000000002556      0x5bf /home/waqar/RIOT/examples/Blink/bin/arduino-mega2560/core.a(msg.o)
 .debug_line    0x0000000000002b15      0x36d /home/waqar/RIOT/examples/Blink/bin/arduino-mega2560/core.a(panic.o)
 .debug_line    0x0000000000002e82      0x2e5 /home/waqar/RIOT/examples/Blink/bin/arduino-mega2560/cpu.a(cpu.o)
 .debug_line    0x0000000000003167      0x7ac /home/waqar/RIOT/examples/Blink/bin/arduino-mega2560/xtimer.a(xtimer.o)
 .debug_line    0x0000000000003913      0x7fb /home/waqar/RIOT/examples/Blink/bin/arduino-mega2560/xtimer.a(xtimer_core.o)
 .debug_line    0x000000000000410e       0xa8 /home/waqar/RIOT/examples/Blink/bin/arduino-mega2560/periph_common.a(init.o)
 .debug_line    0x00000000000041b6      0x41e /home/waqar/RIOT/examples/Blink/bin/arduino-mega2560/periph_common.a(pm.o)
 .debug_line    0x00000000000045d4      0x44e /home/waqar/RIOT/examples/Blink/bin/arduino-mega2560/atmega_common.a(atmega_stdio.o)
 .debug_line    0x0000000000004a22      0x306 /home/waqar/RIOT/examples/Blink/bin/arduino-mega2560/atmega_common.a(irq_arch.o)
 .debug_line    0x0000000000004d28      0x586 /home/waqar/RIOT/examples/Blink/bin/arduino-mega2560/atmega_common.a(thread_arch.o)
 .debug_line    0x00000000000052ae      0x603 /home/waqar/RIOT/examples/Blink/bin/arduino-mega2560/atmega_common_periph.a(timer.o)
 .debug_line    0x00000000000058b1      0x598 /home/waqar/RIOT/examples/Blink/bin/arduino-mega2560/auto_init.a(auto_init.o)
 .debug_line    0x0000000000005e49      0x4bb /home/waqar/RIOT/examples/Blink/bin/arduino-mega2560/auto_init_saul.a(auto_init_gpio.o)
 .debug_line    0x0000000000006304      0x403 /home/waqar/RIOT/examples/Blink/bin/arduino-mega2560/boards_common_arduino-atmega.a(led_init.o)
 .debug_line    0x0000000000006707      0x32d /home/waqar/RIOT/examples/Blink/bin/arduino-mega2560/saul.a(gpio_saul.o)
 .debug_line    0x0000000000006a34      0x28c /home/waqar/RIOT/examples/Blink/bin/arduino-mega2560/saul_reg.a(saul_reg.o)
 .debug_line    0x0000000000006cc0      0x566 /home/waqar/RIOT/examples/Blink/bin/arduino-mega2560/uart_stdio.a(uart_stdio.o)
 .debug_line    0x0000000000007226      0x58a /home/waqar/RIOT/examples/Blink/bin/arduino-mega2560/atmega_common_periph.a(uart.o)
 .debug_line    0x00000000000077b0      0x5e0 /home/waqar/RIOT/examples/Blink/bin/arduino-mega2560/isrpipe.a(isrpipe.o)
 .debug_line    0x0000000000007d90      0x1ad /home/waqar/RIOT/examples/Blink/bin/arduino-mega2560/tsrb.a(tsrb.o)

.debug_frame    0x0000000000000000     0x1a3c
 *(.debug_frame)
 .debug_frame   0x0000000000000000       0x44 /home/waqar/RIOT/examples/Blink/bin/arduino-mega2560/cpu/startup.o
 .debug_frame   0x0000000000000044       0x94 /home/waqar/RIOT/examples/Blink/bin/arduino-mega2560/application_Blink.a(Blink.o)
 .debug_frame   0x00000000000000d8      0x3d4 /home/waqar/RIOT/examples/Blink/bin/arduino-mega2560/atmega_common_periph.a(gpio.o)
 .debug_frame   0x00000000000004ac       0x24 /home/waqar/RIOT/examples/Blink/bin/arduino-mega2560/boards_common_atmega.a(board.o)
 .debug_frame   0x00000000000004d0       0x98 /home/waqar/RIOT/examples/Blink/bin/arduino-mega2560/core.a(mutex.o)
 .debug_frame   0x0000000000000568       0x68 /home/waqar/RIOT/examples/Blink/bin/arduino-mega2560/core.a(sched.o)
 .debug_frame   0x00000000000005d0       0x50 /home/waqar/RIOT/examples/Blink/bin/arduino-mega2560/core.a(kernel_init.o)
 .debug_frame   0x0000000000000620      0x124 /home/waqar/RIOT/examples/Blink/bin/arduino-mega2560/core.a(thread.o)
 .debug_frame   0x0000000000000744      0x298 /home/waqar/RIOT/examples/Blink/bin/arduino-mega2560/core.a(msg.o)
 .debug_frame   0x00000000000009dc       0x44 /home/waqar/RIOT/examples/Blink/bin/arduino-mega2560/core.a(panic.o)
 .debug_frame   0x0000000000000a20       0x24 /home/waqar/RIOT/examples/Blink/bin/arduino-mega2560/cpu.a(cpu.o)
 .debug_frame   0x0000000000000a44      0x344 /home/waqar/RIOT/examples/Blink/bin/arduino-mega2560/xtimer.a(xtimer.o)
 .debug_frame   0x0000000000000d88      0x2a0 /home/waqar/RIOT/examples/Blink/bin/arduino-mega2560/xtimer.a(xtimer_core.o)
 .debug_frame   0x0000000000001028       0x24 /home/waqar/RIOT/examples/Blink/bin/arduino-mega2560/periph_common.a(init.o)
 .debug_frame   0x000000000000104c       0x34 /home/waqar/RIOT/examples/Blink/bin/arduino-mega2560/periph_common.a(pm.o)
 .debug_frame   0x0000000000001080       0x64 /home/waqar/RIOT/examples/Blink/bin/arduino-mega2560/atmega_common.a(atmega_stdio.o)
 .debug_frame   0x00000000000010e4       0x60 /home/waqar/RIOT/examples/Blink/bin/arduino-mega2560/atmega_common.a(irq_arch.o)
 .debug_frame   0x0000000000001144       0xd8 /home/waqar/RIOT/examples/Blink/bin/arduino-mega2560/atmega_common.a(thread_arch.o)
 .debug_frame   0x000000000000121c      0x2c8 /home/waqar/RIOT/examples/Blink/bin/arduino-mega2560/atmega_common_periph.a(timer.o)
 .debug_frame   0x00000000000014e4       0x24 /home/waqar/RIOT/examples/Blink/bin/arduino-mega2560/auto_init.a(auto_init.o)
 .debug_frame   0x0000000000001508       0x24 /home/waqar/RIOT/examples/Blink/bin/arduino-mega2560/auto_init_saul.a(auto_init_gpio.o)
 .debug_frame   0x000000000000152c       0x24 /home/waqar/RIOT/examples/Blink/bin/arduino-mega2560/boards_common_arduino-atmega.a(led_init.o)
 .debug_frame   0x0000000000001550       0x44 /home/waqar/RIOT/examples/Blink/bin/arduino-mega2560/saul.a(gpio_saul.o)
 .debug_frame   0x0000000000001594       0x98 /home/waqar/RIOT/examples/Blink/bin/arduino-mega2560/saul_reg.a(saul_reg.o)
 .debug_frame   0x000000000000162c       0x5c /home/waqar/RIOT/examples/Blink/bin/arduino-mega2560/uart_stdio.a(uart_stdio.o)
 .debug_frame   0x0000000000001688      0x1f0 /home/waqar/RIOT/examples/Blink/bin/arduino-mega2560/atmega_common_periph.a(uart.o)
 .debug_frame   0x0000000000001878      0x144 /home/waqar/RIOT/examples/Blink/bin/arduino-mega2560/isrpipe.a(isrpipe.o)
 .debug_frame   0x00000000000019bc       0x80 /home/waqar/RIOT/examples/Blink/bin/arduino-mega2560/tsrb.a(tsrb.o)

.debug_str      0x0000000000000000     0xedf8
 *(.debug_str)
 .debug_str     0x0000000000000000     0xb17d /home/waqar/RIOT/examples/Blink/bin/arduino-mega2560/cpu/startup.o
                                       0xb311 (size before relaxing)
 .debug_str     0x000000000000b17d     0x10be /home/waqar/RIOT/examples/Blink/bin/arduino-mega2560/application_Blink.a(Blink.o)
                                       0xc3db (size before relaxing)
 .debug_str     0x000000000000c23b      0x253 /home/waqar/RIOT/examples/Blink/bin/arduino-mega2560/atmega_common_periph.a(gpio.o)
                                       0xa6b8 (size before relaxing)
 .debug_str     0x000000000000c48e       0x9f /home/waqar/RIOT/examples/Blink/bin/arduino-mega2560/boards_common_atmega.a(board.o)
                                       0xb318 (size before relaxing)
 .debug_str     0x000000000000c52d      0x2e0 /home/waqar/RIOT/examples/Blink/bin/arduino-mega2560/core.a(mutex.o)
                                       0xaaea (size before relaxing)
 .debug_str     0x000000000000c80d      0x31a /home/waqar/RIOT/examples/Blink/bin/arduino-mega2560/core.a(sched.o)
                                       0xacb2 (size before relaxing)
 .debug_str     0x000000000000cb27      0x56f /home/waqar/RIOT/examples/Blink/bin/arduino-mega2560/core.a(kernel_init.o)
                                       0xb0da (size before relaxing)
 .debug_str     0x000000000000d096      0x1fa /home/waqar/RIOT/examples/Blink/bin/arduino-mega2560/core.a(thread.o)
                                       0xb05c (size before relaxing)
 .debug_str     0x000000000000d290      0x182 /home/waqar/RIOT/examples/Blink/bin/arduino-mega2560/core.a(msg.o)
                                       0xac3e (size before relaxing)
 .debug_str     0x000000000000d412      0x26b /home/waqar/RIOT/examples/Blink/bin/arduino-mega2560/core.a(panic.o)
                                       0xa733 (size before relaxing)
 .debug_str     0x000000000000d67d       0x84 /home/waqar/RIOT/examples/Blink/bin/arduino-mega2560/cpu.a(cpu.o)
                                       0x9d4f (size before relaxing)
 .debug_str     0x000000000000d701      0x33b /home/waqar/RIOT/examples/Blink/bin/arduino-mega2560/xtimer.a(xtimer.o)
                                       0xc9a8 (size before relaxing)
 .debug_str     0x000000000000da3c      0x257 /home/waqar/RIOT/examples/Blink/bin/arduino-mega2560/xtimer.a(xtimer_core.o)
                                       0xc88d (size before relaxing)
 .debug_str     0x000000000000dc93       0x7a /home/waqar/RIOT/examples/Blink/bin/arduino-mega2560/periph_common.a(init.o)
                                       0x2ee7 (size before relaxing)
 .debug_str     0x000000000000dd0d       0x74 /home/waqar/RIOT/examples/Blink/bin/arduino-mega2560/periph_common.a(pm.o)
                                       0xaa61 (size before relaxing)
 .debug_str     0x000000000000dd81      0x14d /home/waqar/RIOT/examples/Blink/bin/arduino-mega2560/atmega_common.a(atmega_stdio.o)
                                       0xb3d9 (size before relaxing)
 .debug_str     0x000000000000dece       0xaf /home/waqar/RIOT/examples/Blink/bin/arduino-mega2560/atmega_common.a(irq_arch.o)
                                       0x9da9 (size before relaxing)
 .debug_str     0x000000000000df7d      0x10b /home/waqar/RIOT/examples/Blink/bin/arduino-mega2560/atmega_common.a(thread_arch.o)
                                       0xbff1 (size before relaxing)
 .debug_str     0x000000000000e088      0x147 /home/waqar/RIOT/examples/Blink/bin/arduino-mega2560/atmega_common_periph.a(timer.o)
                                       0xc1de (size before relaxing)
 .debug_str     0x000000000000e1cf       0x88 /home/waqar/RIOT/examples/Blink/bin/arduino-mega2560/auto_init.a(auto_init.o)
                                       0xc3a0 (size before relaxing)
 .debug_str     0x000000000000e257      0x287 /home/waqar/RIOT/examples/Blink/bin/arduino-mega2560/auto_init_saul.a(auto_init_gpio.o)
                                       0xbb55 (size before relaxing)
 .debug_str     0x000000000000e4de       0x94 /home/waqar/RIOT/examples/Blink/bin/arduino-mega2560/boards_common_arduino-atmega.a(led_init.o)
                                       0xb357 (size before relaxing)
 .debug_str     0x000000000000e572      0x2eb /home/waqar/RIOT/examples/Blink/bin/arduino-mega2560/saul.a(gpio_saul.o)
                                       0x487a (size before relaxing)
 .debug_str     0x000000000000e85d       0xdc /home/waqar/RIOT/examples/Blink/bin/arduino-mega2560/saul_reg.a(saul_reg.o)
                                       0x4944 (size before relaxing)
 .debug_str     0x000000000000e939      0x1b1 /home/waqar/RIOT/examples/Blink/bin/arduino-mega2560/uart_stdio.a(uart_stdio.o)
                                       0xc1af (size before relaxing)
 .debug_str     0x000000000000eaea      0x181 /home/waqar/RIOT/examples/Blink/bin/arduino-mega2560/atmega_common_periph.a(uart.o)
                                       0xb0a2 (size before relaxing)
 .debug_str     0x000000000000ec6b       0xf7 /home/waqar/RIOT/examples/Blink/bin/arduino-mega2560/isrpipe.a(isrpipe.o)
                                       0xc280 (size before relaxing)
 .debug_str     0x000000000000ed62       0x96 /home/waqar/RIOT/examples/Blink/bin/arduino-mega2560/tsrb.a(tsrb.o)
                                       0x34c8 (size before relaxing)

.debug_loc      0x0000000000000000     0x77a7
 *(.debug_loc)
 .debug_loc     0x0000000000000000      0x18e /home/waqar/RIOT/examples/Blink/bin/arduino-mega2560/application_Blink.a(Blink.o)
 .debug_loc     0x000000000000018e      0xcfa /home/waqar/RIOT/examples/Blink/bin/arduino-mega2560/atmega_common_periph.a(gpio.o)
 .debug_loc     0x0000000000000e88      0x3a0 /home/waqar/RIOT/examples/Blink/bin/arduino-mega2560/core.a(mutex.o)
 .debug_loc     0x0000000000001228      0x27b /home/waqar/RIOT/examples/Blink/bin/arduino-mega2560/core.a(sched.o)
 .debug_loc     0x00000000000014a3       0x62 /home/waqar/RIOT/examples/Blink/bin/arduino-mega2560/core.a(kernel_init.o)
 .debug_loc     0x0000000000001505      0x7e5 /home/waqar/RIOT/examples/Blink/bin/arduino-mega2560/core.a(thread.o)
 .debug_loc     0x0000000000001cea     0x122c /home/waqar/RIOT/examples/Blink/bin/arduino-mega2560/core.a(msg.o)
 .debug_loc     0x0000000000002f16       0xc9 /home/waqar/RIOT/examples/Blink/bin/arduino-mega2560/core.a(panic.o)
 .debug_loc     0x0000000000002fdf      0xfe7 /home/waqar/RIOT/examples/Blink/bin/arduino-mega2560/xtimer.a(xtimer.o)
 .debug_loc     0x0000000000003fc6     0x1406 /home/waqar/RIOT/examples/Blink/bin/arduino-mega2560/xtimer.a(xtimer_core.o)
 .debug_loc     0x00000000000053cc      0x108 /home/waqar/RIOT/examples/Blink/bin/arduino-mega2560/atmega_common.a(atmega_stdio.o)
 .debug_loc     0x00000000000054d4       0x42 /home/waqar/RIOT/examples/Blink/bin/arduino-mega2560/atmega_common.a(irq_arch.o)
 .debug_loc     0x0000000000005516      0x3e3 /home/waqar/RIOT/examples/Blink/bin/arduino-mega2560/atmega_common.a(thread_arch.o)
 .debug_loc     0x00000000000058f9      0x7bf /home/waqar/RIOT/examples/Blink/bin/arduino-mega2560/atmega_common_periph.a(timer.o)
 .debug_loc     0x00000000000060b8      0x1dc /home/waqar/RIOT/examples/Blink/bin/arduino-mega2560/saul.a(gpio_saul.o)
 .debug_loc     0x0000000000006294      0x313 /home/waqar/RIOT/examples/Blink/bin/arduino-mega2560/saul_reg.a(saul_reg.o)
 .debug_loc     0x00000000000065a7      0x148 /home/waqar/RIOT/examples/Blink/bin/arduino-mega2560/uart_stdio.a(uart_stdio.o)
 .debug_loc     0x00000000000066ef      0x58b /home/waqar/RIOT/examples/Blink/bin/arduino-mega2560/atmega_common_periph.a(uart.o)
 .debug_loc     0x0000000000006c7a      0x80b /home/waqar/RIOT/examples/Blink/bin/arduino-mega2560/isrpipe.a(isrpipe.o)
 .debug_loc     0x0000000000007485      0x322 /home/waqar/RIOT/examples/Blink/bin/arduino-mega2560/tsrb.a(tsrb.o)

.debug_macinfo
 *(.debug_macinfo)

.debug_weaknames
 *(.debug_weaknames)

.debug_funcnames
 *(.debug_funcnames)

.debug_typenames
 *(.debug_typenames)

.debug_varnames
 *(.debug_varnames)

.debug_pubtypes
 *(.debug_pubtypes)

.debug_ranges   0x0000000000000000      0x758
 *(.debug_ranges)
 .debug_ranges  0x0000000000000000       0x20 /home/waqar/RIOT/examples/Blink/bin/arduino-mega2560/cpu/startup.o
 .debug_ranges  0x0000000000000020       0x28 /home/waqar/RIOT/examples/Blink/bin/arduino-mega2560/application_Blink.a(Blink.o)
 .debug_ranges  0x0000000000000048       0xb8 /home/waqar/RIOT/examples/Blink/bin/arduino-mega2560/atmega_common_periph.a(gpio.o)
 .debug_ranges  0x0000000000000100       0x10 /home/waqar/RIOT/examples/Blink/bin/arduino-mega2560/boards_common_atmega.a(board.o)
 .debug_ranges  0x0000000000000110       0x20 /home/waqar/RIOT/examples/Blink/bin/arduino-mega2560/core.a(mutex.o)
 .debug_ranges  0x0000000000000130       0x28 /home/waqar/RIOT/examples/Blink/bin/arduino-mega2560/core.a(sched.o)
 .debug_ranges  0x0000000000000158       0x20 /home/waqar/RIOT/examples/Blink/bin/arduino-mega2560/core.a(kernel_init.o)
 .debug_ranges  0x0000000000000178       0x68 /home/waqar/RIOT/examples/Blink/bin/arduino-mega2560/core.a(thread.o)
 .debug_ranges  0x00000000000001e0       0xf8 /home/waqar/RIOT/examples/Blink/bin/arduino-mega2560/core.a(msg.o)
 .debug_ranges  0x00000000000002d8       0x18 /home/waqar/RIOT/examples/Blink/bin/arduino-mega2560/core.a(panic.o)
 .debug_ranges  0x00000000000002f0       0x10 /home/waqar/RIOT/examples/Blink/bin/arduino-mega2560/cpu.a(cpu.o)
 .debug_ranges  0x0000000000000300       0xb8 /home/waqar/RIOT/examples/Blink/bin/arduino-mega2560/xtimer.a(xtimer.o)
 .debug_ranges  0x00000000000003b8      0x118 /home/waqar/RIOT/examples/Blink/bin/arduino-mega2560/xtimer.a(xtimer_core.o)
 .debug_ranges  0x00000000000004d0       0x10 /home/waqar/RIOT/examples/Blink/bin/arduino-mega2560/periph_common.a(init.o)
 .debug_ranges  0x00000000000004e0       0x18 /home/waqar/RIOT/examples/Blink/bin/arduino-mega2560/periph_common.a(pm.o)
 .debug_ranges  0x00000000000004f8       0x20 /home/waqar/RIOT/examples/Blink/bin/arduino-mega2560/atmega_common.a(atmega_stdio.o)
 .debug_ranges  0x0000000000000518       0x40 /home/waqar/RIOT/examples/Blink/bin/arduino-mega2560/atmega_common.a(irq_arch.o)
 .debug_ranges  0x0000000000000558       0x38 /home/waqar/RIOT/examples/Blink/bin/arduino-mega2560/atmega_common.a(thread_arch.o)
 .debug_ranges  0x0000000000000590       0x70 /home/waqar/RIOT/examples/Blink/bin/arduino-mega2560/atmega_common_periph.a(timer.o)
 .debug_ranges  0x0000000000000600       0x10 /home/waqar/RIOT/examples/Blink/bin/arduino-mega2560/auto_init.a(auto_init.o)
 .debug_ranges  0x0000000000000610       0x10 /home/waqar/RIOT/examples/Blink/bin/arduino-mega2560/auto_init_saul.a(auto_init_gpio.o)
 .debug_ranges  0x0000000000000620       0x10 /home/waqar/RIOT/examples/Blink/bin/arduino-mega2560/boards_common_arduino-atmega.a(led_init.o)
 .debug_ranges  0x0000000000000630       0x18 /home/waqar/RIOT/examples/Blink/bin/arduino-mega2560/saul.a(gpio_saul.o)
 .debug_ranges  0x0000000000000648       0x40 /home/waqar/RIOT/examples/Blink/bin/arduino-mega2560/saul_reg.a(saul_reg.o)
 .debug_ranges  0x0000000000000688       0x20 /home/waqar/RIOT/examples/Blink/bin/arduino-mega2560/uart_stdio.a(uart_stdio.o)
 .debug_ranges  0x00000000000006a8       0x50 /home/waqar/RIOT/examples/Blink/bin/arduino-mega2560/atmega_common_periph.a(uart.o)
 .debug_ranges  0x00000000000006f8       0x38 /home/waqar/RIOT/examples/Blink/bin/arduino-mega2560/isrpipe.a(isrpipe.o)
 .debug_ranges  0x0000000000000730       0x28 /home/waqar/RIOT/examples/Blink/bin/arduino-mega2560/tsrb.a(tsrb.o)

.debug_macro    0x0000000000000000    0x19815
 *(.debug_macro)
 .debug_macro   0x0000000000000000      0x18c /home/waqar/RIOT/examples/Blink/bin/arduino-mega2560/cpu/startup.o
 .debug_macro   0x000000000000018c      0xa72 /home/waqar/RIOT/examples/Blink/bin/arduino-mega2560/cpu/startup.o
 .debug_macro   0x0000000000000bfe       0xe2 /home/waqar/RIOT/examples/Blink/bin/arduino-mega2560/cpu/startup.o
 .debug_macro   0x0000000000000ce0      0x1ad /home/waqar/RIOT/examples/Blink/bin/arduino-mega2560/cpu/startup.o
 .debug_macro   0x0000000000000e8d       0x10 /home/waqar/RIOT/examples/Blink/bin/arduino-mega2560/cpu/startup.o
 .debug_macro   0x0000000000000e9d      0x299 /home/waqar/RIOT/examples/Blink/bin/arduino-mega2560/cpu/startup.o
 .debug_macro   0x0000000000001136       0x1c /home/waqar/RIOT/examples/Blink/bin/arduino-mega2560/cpu/startup.o
 .debug_macro   0x0000000000001152       0x9e /home/waqar/RIOT/examples/Blink/bin/arduino-mega2560/cpu/startup.o
 .debug_macro   0x00000000000011f0     0x1ecb /home/waqar/RIOT/examples/Blink/bin/arduino-mega2560/cpu/startup.o
 .debug_macro   0x00000000000030bb      0x100 /home/waqar/RIOT/examples/Blink/bin/arduino-mega2560/cpu/startup.o
 .debug_macro   0x00000000000031bb      0x2ea /home/waqar/RIOT/examples/Blink/bin/arduino-mega2560/cpu/startup.o
 .debug_macro   0x00000000000034a5       0xd9 /home/waqar/RIOT/examples/Blink/bin/arduino-mega2560/cpu/startup.o
 .debug_macro   0x000000000000357e       0x34 /home/waqar/RIOT/examples/Blink/bin/arduino-mega2560/cpu/startup.o
 .debug_macro   0x00000000000035b2       0x18 /home/waqar/RIOT/examples/Blink/bin/arduino-mega2560/cpu/startup.o
 .debug_macro   0x00000000000035ca       0x6c /home/waqar/RIOT/examples/Blink/bin/arduino-mega2560/cpu/startup.o
 .debug_macro   0x0000000000003636       0x63 /home/waqar/RIOT/examples/Blink/bin/arduino-mega2560/cpu/startup.o
 .debug_macro   0x0000000000003699       0x58 /home/waqar/RIOT/examples/Blink/bin/arduino-mega2560/cpu/startup.o
 .debug_macro   0x00000000000036f1       0x10 /home/waqar/RIOT/examples/Blink/bin/arduino-mega2560/cpu/startup.o
 .debug_macro   0x0000000000003701       0x97 /home/waqar/RIOT/examples/Blink/bin/arduino-mega2560/cpu/startup.o
 .debug_macro   0x0000000000003798       0xeb /home/waqar/RIOT/examples/Blink/bin/arduino-mega2560/cpu/startup.o
 .debug_macro   0x0000000000003883       0xc7 /home/waqar/RIOT/examples/Blink/bin/arduino-mega2560/cpu/startup.o
 .debug_macro   0x000000000000394a       0x70 /home/waqar/RIOT/examples/Blink/bin/arduino-mega2560/cpu/startup.o
 .debug_macro   0x00000000000039ba       0x16 /home/waqar/RIOT/examples/Blink/bin/arduino-mega2560/cpu/startup.o
 .debug_macro   0x00000000000039d0       0x22 /home/waqar/RIOT/examples/Blink/bin/arduino-mega2560/cpu/startup.o
 .debug_macro   0x00000000000039f2       0xe8 /home/waqar/RIOT/examples/Blink/bin/arduino-mega2560/cpu/startup.o
 .debug_macro   0x0000000000003ada       0x46 /home/waqar/RIOT/examples/Blink/bin/arduino-mega2560/cpu/startup.o
 .debug_macro   0x0000000000003b20       0x10 /home/waqar/RIOT/examples/Blink/bin/arduino-mega2560/cpu/startup.o
 .debug_macro   0x0000000000003b30       0xa9 /home/waqar/RIOT/examples/Blink/bin/arduino-mega2560/cpu/startup.o
 .debug_macro   0x0000000000003bd9       0x16 /home/waqar/RIOT/examples/Blink/bin/arduino-mega2560/cpu/startup.o
 .debug_macro   0x0000000000003bef      0x299 /home/waqar/RIOT/examples/Blink/bin/arduino-mega2560/cpu/startup.o
 .debug_macro   0x0000000000003e88       0x4c /home/waqar/RIOT/examples/Blink/bin/arduino-mega2560/cpu/startup.o
 .debug_macro   0x0000000000003ed4      0x2c1 /home/waqar/RIOT/examples/Blink/bin/arduino-mega2560/application_Blink.a(Blink.o)
 .debug_macro   0x0000000000004195      0xa72 /home/waqar/RIOT/examples/Blink/bin/arduino-mega2560/application_Blink.a(Blink.o)
 .debug_macro   0x0000000000004c07      0x293 /home/waqar/RIOT/examples/Blink/bin/arduino-mega2560/application_Blink.a(Blink.o)
 .debug_macro   0x0000000000004e9a       0xef /home/waqar/RIOT/examples/Blink/bin/arduino-mega2560/application_Blink.a(Blink.o)
 .debug_macro   0x0000000000004f89       0x2f /home/waqar/RIOT/examples/Blink/bin/arduino-mega2560/application_Blink.a(Blink.o)
 .debug_macro   0x0000000000004fb8       0x10 /home/waqar/RIOT/examples/Blink/bin/arduino-mega2560/application_Blink.a(Blink.o)
 .debug_macro   0x0000000000004fc8       0x28 /home/waqar/RIOT/examples/Blink/bin/arduino-mega2560/application_Blink.a(Blink.o)
 .debug_macro   0x0000000000004ff0       0xaa /home/waqar/RIOT/examples/Blink/bin/arduino-mega2560/application_Blink.a(Blink.o)
 .debug_macro   0x000000000000509a       0xdc /home/waqar/RIOT/examples/Blink/bin/arduino-mega2560/application_Blink.a(Blink.o)
 .debug_macro   0x0000000000005176       0x9e /home/waqar/RIOT/examples/Blink/bin/arduino-mega2560/application_Blink.a(Blink.o)
 .debug_macro   0x0000000000005214       0x34 /home/waqar/RIOT/examples/Blink/bin/arduino-mega2560/application_Blink.a(Blink.o)
 .debug_macro   0x0000000000005248       0x16 /home/waqar/RIOT/examples/Blink/bin/arduino-mega2560/application_Blink.a(Blink.o)
 .debug_macro   0x000000000000525e       0x69 /home/waqar/RIOT/examples/Blink/bin/arduino-mega2560/application_Blink.a(Blink.o)
 .debug_macro   0x00000000000052c7       0x43 /home/waqar/RIOT/examples/Blink/bin/arduino-mega2560/application_Blink.a(Blink.o)
 .debug_macro   0x000000000000530a       0x16 /home/waqar/RIOT/examples/Blink/bin/arduino-mega2560/application_Blink.a(Blink.o)
 .debug_macro   0x0000000000005320       0x10 /home/waqar/RIOT/examples/Blink/bin/arduino-mega2560/application_Blink.a(Blink.o)
 .debug_macro   0x0000000000005330       0x10 /home/waqar/RIOT/examples/Blink/bin/arduino-mega2560/application_Blink.a(Blink.o)
 .debug_macro   0x0000000000005340      0x17a /home/waqar/RIOT/examples/Blink/bin/arduino-mega2560/atmega_common_periph.a(gpio.o)
 .debug_macro   0x00000000000054ba      0xa72 /home/waqar/RIOT/examples/Blink/bin/arduino-mega2560/atmega_common_periph.a(gpio.o)
 .debug_macro   0x0000000000005f2c      0x18d /home/waqar/RIOT/examples/Blink/bin/arduino-mega2560/boards_common_atmega.a(board.o)
 .debug_macro   0x00000000000060b9      0xa72 /home/waqar/RIOT/examples/Blink/bin/arduino-mega2560/boards_common_atmega.a(board.o)
 .debug_macro   0x0000000000006b2b      0x20a /home/waqar/RIOT/examples/Blink/bin/arduino-mega2560/core.a(mutex.o)
 .debug_macro   0x0000000000006d35      0xa72 /home/waqar/RIOT/examples/Blink/bin/arduino-mega2560/core.a(mutex.o)
 .debug_macro   0x00000000000077a7       0x1c /home/waqar/RIOT/examples/Blink/bin/arduino-mega2560/core.a(mutex.o)
 .debug_macro   0x00000000000077c3      0x20a /home/waqar/RIOT/examples/Blink/bin/arduino-mega2560/core.a(sched.o)
 .debug_macro   0x00000000000079cd      0xa72 /home/waqar/RIOT/examples/Blink/bin/arduino-mega2560/core.a(sched.o)
 .debug_macro   0x000000000000843f      0x166 /home/waqar/RIOT/examples/Blink/bin/arduino-mega2560/core.a(sched.o)
 .debug_macro   0x00000000000085a5       0xd6 /home/waqar/RIOT/examples/Blink/bin/arduino-mega2560/core.a(sched.o)
 .debug_macro   0x000000000000867b       0x12 /home/waqar/RIOT/examples/Blink/bin/arduino-mega2560/core.a(sched.o)
 .debug_macro   0x000000000000868d       0x2e /home/waqar/RIOT/examples/Blink/bin/arduino-mega2560/core.a(sched.o)
 .debug_macro   0x00000000000086bb       0x35 /home/waqar/RIOT/examples/Blink/bin/arduino-mega2560/core.a(sched.o)
 .debug_macro   0x00000000000086f0      0x23a /home/waqar/RIOT/examples/Blink/bin/arduino-mega2560/core.a(kernel_init.o)
 .debug_macro   0x000000000000892a      0xa72 /home/waqar/RIOT/examples/Blink/bin/arduino-mega2560/core.a(kernel_init.o)
 .debug_macro   0x000000000000939c      0x207 /home/waqar/RIOT/examples/Blink/bin/arduino-mega2560/core.a(kernel_init.o)
 .debug_macro   0x00000000000095a3      0x204 /home/waqar/RIOT/examples/Blink/bin/arduino-mega2560/core.a(thread.o)
 .debug_macro   0x00000000000097a7      0xa72 /home/waqar/RIOT/examples/Blink/bin/arduino-mega2560/core.a(thread.o)
 .debug_macro   0x000000000000a219      0x20c /home/waqar/RIOT/examples/Blink/bin/arduino-mega2560/core.a(msg.o)
 .debug_macro   0x000000000000a425      0xa72 /home/waqar/RIOT/examples/Blink/bin/arduino-mega2560/core.a(msg.o)
 .debug_macro   0x000000000000ae97      0x19d /home/waqar/RIOT/examples/Blink/bin/arduino-mega2560/core.a(panic.o)
 .debug_macro   0x000000000000b034      0xa72 /home/waqar/RIOT/examples/Blink/bin/arduino-mega2560/core.a(panic.o)
 .debug_macro   0x000000000000baa6       0x16 /home/waqar/RIOT/examples/Blink/bin/arduino-mega2560/core.a(panic.o)
 .debug_macro   0x000000000000babc       0x16 /home/waqar/RIOT/examples/Blink/bin/arduino-mega2560/core.a(panic.o)
 .debug_macro   0x000000000000bad2       0x20 /home/waqar/RIOT/examples/Blink/bin/arduino-mega2560/core.a(panic.o)
 .debug_macro   0x000000000000baf2       0x34 /home/waqar/RIOT/examples/Blink/bin/arduino-mega2560/core.a(panic.o)
 .debug_macro   0x000000000000bb26      0x12c /home/waqar/RIOT/examples/Blink/bin/arduino-mega2560/cpu.a(cpu.o)
 .debug_macro   0x000000000000bc52      0xa72 /home/waqar/RIOT/examples/Blink/bin/arduino-mega2560/cpu.a(cpu.o)
 .debug_macro   0x000000000000c6c4      0x2f9 /home/waqar/RIOT/examples/Blink/bin/arduino-mega2560/xtimer.a(xtimer.o)
 .debug_macro   0x000000000000c9bd      0xa72 /home/waqar/RIOT/examples/Blink/bin/arduino-mega2560/xtimer.a(xtimer.o)
 .debug_macro   0x000000000000d42f       0x2e /home/waqar/RIOT/examples/Blink/bin/arduino-mega2560/xtimer.a(xtimer.o)
 .debug_macro   0x000000000000d45d       0x1c /home/waqar/RIOT/examples/Blink/bin/arduino-mega2560/xtimer.a(xtimer.o)
 .debug_macro   0x000000000000d479      0x2e6 /home/waqar/RIOT/examples/Blink/bin/arduino-mega2560/xtimer.a(xtimer_core.o)
 .debug_macro   0x000000000000d75f      0xa72 /home/waqar/RIOT/examples/Blink/bin/arduino-mega2560/xtimer.a(xtimer_core.o)
 .debug_macro   0x000000000000e1d1       0x16 /home/waqar/RIOT/examples/Blink/bin/arduino-mega2560/xtimer.a(xtimer_core.o)
 .debug_macro   0x000000000000e1e7       0x1a /home/waqar/RIOT/examples/Blink/bin/arduino-mega2560/periph_common.a(init.o)
 .debug_macro   0x000000000000e201      0xa72 /home/waqar/RIOT/examples/Blink/bin/arduino-mega2560/periph_common.a(init.o)
 .debug_macro   0x000000000000ec73      0x20c /home/waqar/RIOT/examples/Blink/bin/arduino-mega2560/periph_common.a(pm.o)
 .debug_macro   0x000000000000ee7f      0xa72 /home/waqar/RIOT/examples/Blink/bin/arduino-mega2560/periph_common.a(pm.o)
 .debug_macro   0x000000000000f8f1      0x196 /home/waqar/RIOT/examples/Blink/bin/arduino-mega2560/atmega_common.a(atmega_stdio.o)
 .debug_macro   0x000000000000fa87      0xa72 /home/waqar/RIOT/examples/Blink/bin/arduino-mega2560/atmega_common.a(atmega_stdio.o)
 .debug_macro   0x00000000000104f9       0x10 /home/waqar/RIOT/examples/Blink/bin/arduino-mega2560/atmega_common.a(atmega_stdio.o)
 .debug_macro   0x0000000000010509      0x11c /home/waqar/RIOT/examples/Blink/bin/arduino-mega2560/atmega_common.a(irq_arch.o)
 .debug_macro   0x0000000000010625      0xa72 /home/waqar/RIOT/examples/Blink/bin/arduino-mega2560/atmega_common.a(irq_arch.o)
 .debug_macro   0x0000000000011097      0x24f /home/waqar/RIOT/examples/Blink/bin/arduino-mega2560/atmega_common.a(thread_arch.o)
 .debug_macro   0x00000000000112e6      0xa72 /home/waqar/RIOT/examples/Blink/bin/arduino-mega2560/atmega_common.a(thread_arch.o)
 .debug_macro   0x0000000000011d58      0x293 /home/waqar/RIOT/examples/Blink/bin/arduino-mega2560/atmega_common_periph.a(timer.o)
 .debug_macro   0x0000000000011feb      0xa72 /home/waqar/RIOT/examples/Blink/bin/arduino-mega2560/atmega_common_periph.a(timer.o)
 .debug_macro   0x0000000000012a5d      0x2e0 /home/waqar/RIOT/examples/Blink/bin/arduino-mega2560/auto_init.a(auto_init.o)
 .debug_macro   0x0000000000012d3d      0xa72 /home/waqar/RIOT/examples/Blink/bin/arduino-mega2560/auto_init.a(auto_init.o)
 .debug_macro   0x00000000000137af      0x1e0 /home/waqar/RIOT/examples/Blink/bin/arduino-mega2560/auto_init_saul.a(auto_init_gpio.o)
 .debug_macro   0x000000000001398f      0xa72 /home/waqar/RIOT/examples/Blink/bin/arduino-mega2560/auto_init_saul.a(auto_init_gpio.o)
 .debug_macro   0x0000000000014401       0x24 /home/waqar/RIOT/examples/Blink/bin/arduino-mega2560/auto_init_saul.a(auto_init_gpio.o)
 .debug_macro   0x0000000000014425      0x18d /home/waqar/RIOT/examples/Blink/bin/arduino-mega2560/boards_common_arduino-atmega.a(led_init.o)
 .debug_macro   0x00000000000145b2      0xa72 /home/waqar/RIOT/examples/Blink/bin/arduino-mega2560/boards_common_arduino-atmega.a(led_init.o)
 .debug_macro   0x0000000000015024       0xa4 /home/waqar/RIOT/examples/Blink/bin/arduino-mega2560/saul.a(gpio_saul.o)
 .debug_macro   0x00000000000150c8      0xa72 /home/waqar/RIOT/examples/Blink/bin/arduino-mega2560/saul.a(gpio_saul.o)
 .debug_macro   0x0000000000015b3a       0xb2 /home/waqar/RIOT/examples/Blink/bin/arduino-mega2560/saul_reg.a(saul_reg.o)
 .debug_macro   0x0000000000015bec      0xa72 /home/waqar/RIOT/examples/Blink/bin/arduino-mega2560/saul_reg.a(saul_reg.o)
 .debug_macro   0x000000000001665e      0x2c2 /home/waqar/RIOT/examples/Blink/bin/arduino-mega2560/uart_stdio.a(uart_stdio.o)
 .debug_macro   0x0000000000016920      0xa72 /home/waqar/RIOT/examples/Blink/bin/arduino-mega2560/uart_stdio.a(uart_stdio.o)
 .debug_macro   0x0000000000017392       0x10 /home/waqar/RIOT/examples/Blink/bin/arduino-mega2560/uart_stdio.a(uart_stdio.o)
 .debug_macro   0x00000000000173a2      0x22c /home/waqar/RIOT/examples/Blink/bin/arduino-mega2560/atmega_common_periph.a(uart.o)
 .debug_macro   0x00000000000175ce      0xa72 /home/waqar/RIOT/examples/Blink/bin/arduino-mega2560/atmega_common_periph.a(uart.o)
 .debug_macro   0x0000000000018040      0x292 /home/waqar/RIOT/examples/Blink/bin/arduino-mega2560/isrpipe.a(isrpipe.o)
 .debug_macro   0x00000000000182d2      0xa72 /home/waqar/RIOT/examples/Blink/bin/arduino-mega2560/isrpipe.a(isrpipe.o)
 .debug_macro   0x0000000000018d44       0x5f /home/waqar/RIOT/examples/Blink/bin/arduino-mega2560/tsrb.a(tsrb.o)
 .debug_macro   0x0000000000018da3      0xa72 /home/waqar/RIOT/examples/Blink/bin/arduino-mega2560/tsrb.a(tsrb.o)
OUTPUT(/home/waqar/RIOT/examples/Blink/bin/arduino-mega2560/Blink.elf elf32-avr)
LOAD linker stubs
